Archive member included to satisfy reference by file (symbol)

c:/st/stm32cubeide_1.12.0/stm32cubeide/plugins/com.st.stm32cube.ide.mcu.externaltools.gnu-tools-for-stm32.10.3-2021.10.win32_1.0.200.202301161003/tools/bin/../lib/gcc/arm-none-eabi/10.3.1/../../../../arm-none-eabi/lib/thumb/v7e-m+fp/hard\libc_nano.a(lib_a-errno.o)
                              ./Core/Src/syscalls.o (__errno)
c:/st/stm32cubeide_1.12.0/stm32cubeide/plugins/com.st.stm32cube.ide.mcu.externaltools.gnu-tools-for-stm32.10.3-2021.10.win32_1.0.200.202301161003/tools/bin/../lib/gcc/arm-none-eabi/10.3.1/../../../../arm-none-eabi/lib/thumb/v7e-m+fp/hard\libc_nano.a(lib_a-exit.o)
                              c:/st/stm32cubeide_1.12.0/stm32cubeide/plugins/com.st.stm32cube.ide.mcu.externaltools.gnu-tools-for-stm32.10.3-2021.10.win32_1.0.200.202301161003/tools/bin/../lib/gcc/arm-none-eabi/10.3.1/../../../../arm-none-eabi/lib/thumb/v7e-m+fp/hard/crt0.o (exit)
c:/st/stm32cubeide_1.12.0/stm32cubeide/plugins/com.st.stm32cube.ide.mcu.externaltools.gnu-tools-for-stm32.10.3-2021.10.win32_1.0.200.202301161003/tools/bin/../lib/gcc/arm-none-eabi/10.3.1/../../../../arm-none-eabi/lib/thumb/v7e-m+fp/hard\libc_nano.a(lib_a-impure.o)
                              c:/st/stm32cubeide_1.12.0/stm32cubeide/plugins/com.st.stm32cube.ide.mcu.externaltools.gnu-tools-for-stm32.10.3-2021.10.win32_1.0.200.202301161003/tools/bin/../lib/gcc/arm-none-eabi/10.3.1/../../../../arm-none-eabi/lib/thumb/v7e-m+fp/hard\libc_nano.a(lib_a-exit.o) (_global_impure_ptr)
c:/st/stm32cubeide_1.12.0/stm32cubeide/plugins/com.st.stm32cube.ide.mcu.externaltools.gnu-tools-for-stm32.10.3-2021.10.win32_1.0.200.202301161003/tools/bin/../lib/gcc/arm-none-eabi/10.3.1/../../../../arm-none-eabi/lib/thumb/v7e-m+fp/hard\libc_nano.a(lib_a-init.o)
                              c:/st/stm32cubeide_1.12.0/stm32cubeide/plugins/com.st.stm32cube.ide.mcu.externaltools.gnu-tools-for-stm32.10.3-2021.10.win32_1.0.200.202301161003/tools/bin/../lib/gcc/arm-none-eabi/10.3.1/../../../../arm-none-eabi/lib/thumb/v7e-m+fp/hard/crt0.o (__libc_init_array)
c:/st/stm32cubeide_1.12.0/stm32cubeide/plugins/com.st.stm32cube.ide.mcu.externaltools.gnu-tools-for-stm32.10.3-2021.10.win32_1.0.200.202301161003/tools/bin/../lib/gcc/arm-none-eabi/10.3.1/../../../../arm-none-eabi/lib/thumb/v7e-m+fp/hard\libc_nano.a(lib_a-memcpy-stub.o)
                              ./ThirdParty/FreeRTOS/queue.o (memcpy)
c:/st/stm32cubeide_1.12.0/stm32cubeide/plugins/com.st.stm32cube.ide.mcu.externaltools.gnu-tools-for-stm32.10.3-2021.10.win32_1.0.200.202301161003/tools/bin/../lib/gcc/arm-none-eabi/10.3.1/../../../../arm-none-eabi/lib/thumb/v7e-m+fp/hard\libc_nano.a(lib_a-memset.o)
                              c:/st/stm32cubeide_1.12.0/stm32cubeide/plugins/com.st.stm32cube.ide.mcu.externaltools.gnu-tools-for-stm32.10.3-2021.10.win32_1.0.200.202301161003/tools/bin/../lib/gcc/arm-none-eabi/10.3.1/../../../../arm-none-eabi/lib/thumb/v7e-m+fp/hard/crt0.o (memset)
c:/st/stm32cubeide_1.12.0/stm32cubeide/plugins/com.st.stm32cube.ide.mcu.externaltools.gnu-tools-for-stm32.10.3-2021.10.win32_1.0.200.202301161003/tools/bin/../lib/gcc/arm-none-eabi/10.3.1/../../../../arm-none-eabi/lib/thumb/v7e-m+fp/hard\libc_nano.a(lib_a-puts.o)
                              ./Core/Src/main.o (puts)
c:/st/stm32cubeide_1.12.0/stm32cubeide/plugins/com.st.stm32cube.ide.mcu.externaltools.gnu-tools-for-stm32.10.3-2021.10.win32_1.0.200.202301161003/tools/bin/../lib/gcc/arm-none-eabi/10.3.1/../../../../arm-none-eabi/lib/thumb/v7e-m+fp/hard\libc_nano.a(lib_a-wbuf.o)
                              c:/st/stm32cubeide_1.12.0/stm32cubeide/plugins/com.st.stm32cube.ide.mcu.externaltools.gnu-tools-for-stm32.10.3-2021.10.win32_1.0.200.202301161003/tools/bin/../lib/gcc/arm-none-eabi/10.3.1/../../../../arm-none-eabi/lib/thumb/v7e-m+fp/hard\libc_nano.a(lib_a-puts.o) (__swbuf_r)
c:/st/stm32cubeide_1.12.0/stm32cubeide/plugins/com.st.stm32cube.ide.mcu.externaltools.gnu-tools-for-stm32.10.3-2021.10.win32_1.0.200.202301161003/tools/bin/../lib/gcc/arm-none-eabi/10.3.1/../../../../arm-none-eabi/lib/thumb/v7e-m+fp/hard\libc_nano.a(lib_a-wsetup.o)
                              c:/st/stm32cubeide_1.12.0/stm32cubeide/plugins/com.st.stm32cube.ide.mcu.externaltools.gnu-tools-for-stm32.10.3-2021.10.win32_1.0.200.202301161003/tools/bin/../lib/gcc/arm-none-eabi/10.3.1/../../../../arm-none-eabi/lib/thumb/v7e-m+fp/hard\libc_nano.a(lib_a-puts.o) (__swsetup_r)
c:/st/stm32cubeide_1.12.0/stm32cubeide/plugins/com.st.stm32cube.ide.mcu.externaltools.gnu-tools-for-stm32.10.3-2021.10.win32_1.0.200.202301161003/tools/bin/../lib/gcc/arm-none-eabi/10.3.1/../../../../arm-none-eabi/lib/thumb/v7e-m+fp/hard\libc_nano.a(lib_a-fflush.o)
[...]
Memory Configuration

Name             Origin             Length             Attributes
CCMRAM           0x0000000010000000 0x0000000000010000 xrw
RAM              0x0000000020000000 0x0000000000020000 xrw
FLASH            0x0000000008000000 0x0000000000100000 xr
*default*        0x0000000000000000 0xffffffffffffffff

Linker script and memory map

LOAD c:/st/stm32cubeide_1.12.0/stm32cubeide/plugins/com.st.stm32cube.ide.mcu.externaltools.gnu-tools-for-stm32.10.3-2021.10.win32_1.0.200.202301161003/tools/bin/../lib/gcc/arm-none-eabi/10.3.1/thumb/v7e-m+fp/hard/crti.o
LOAD c:/st/stm32cubeide_1.12.0/stm32cubeide/plugins/com.st.stm32cube.ide.mcu.externaltools.gnu-tools-for-stm32.10.3-2021.10.win32_1.0.200.202301161003/tools/bin/../lib/gcc/arm-none-eabi/10.3.1/thumb/v7e-m+fp/hard/crtbegin.o
LOAD c:/st/stm32cubeide_1.12.0/stm32cubeide/plugins/com.st.stm32cube.ide.mcu.externaltools.gnu-tools-for-stm32.10.3-2021.10.win32_1.0.200.202301161003/tools/bin/../lib/gcc/arm-none-eabi/10.3.1/../../../../arm-none-eabi/lib/thumb/v7e-m+fp/hard/crt0.o
LOAD ./Core/Src/main.o
LOAD ./Core/Src/stm32f4xx_hal_msp.o
LOAD ./Core/Src/stm32f4xx_hal_timebase_tim.o
LOAD ./Core/Src/stm32f4xx_it.o
LOAD ./Core/Src/syscalls.o
LOAD ./Core/Src/system_stm32f4xx.o
LOAD ./Core/Startup/startup_stm32f407vgtx.o
LOAD ./Drivers/STM32F4xx_HAL_Driver/Src/stm32f4xx_hal.o
LOAD ./Drivers/STM32F4xx_HAL_Driver/Src/stm32f4xx_hal_cortex.o
LOAD ./Drivers/STM32F4xx_HAL_Driver/Src/stm32f4xx_hal_dma.o
LOAD ./Drivers/STM32F4xx_HAL_Driver/Src/stm32f4xx_hal_dma_ex.o
LOAD ./Drivers/STM32F4xx_HAL_Driver/Src/stm32f4xx_hal_exti.o
LOAD ./Drivers/STM32F4xx_HAL_Driver/Src/stm32f4xx_hal_flash.o
LOAD ./Drivers/STM32F4xx_HAL_Driver/Src/stm32f4xx_hal_flash_ex.o
LOAD ./Drivers/STM32F4xx_HAL_Driver/Src/stm32f4xx_hal_flash_ramfunc.o
LOAD ./Drivers/STM32F4xx_HAL_Driver/Src/stm32f4xx_hal_gpio.o
LOAD ./Drivers/STM32F4xx_HAL_Driver/Src/stm32f4xx_hal_pwr.o
LOAD ./Drivers/STM32F4xx_HAL_Driver/Src/stm32f4xx_hal_pwr_ex.o
LOAD ./Drivers/STM32F4xx_HAL_Driver/Src/stm32f4xx_hal_rcc.o
LOAD ./Drivers/STM32F4xx_HAL_Driver/Src/stm32f4xx_hal_rcc_ex.o
LOAD ./Drivers/STM32F4xx_HAL_Driver/Src/stm32f4xx_hal_tim.o
LOAD ./Drivers/STM32F4xx_HAL_Driver/Src/stm32f4xx_hal_tim_ex.o
LOAD ./ThirdParty/FreeRTOS/croutine.o
LOAD ./ThirdParty/FreeRTOS/event_groups.o
LOAD ./ThirdParty/FreeRTOS/list.o
LOAD ./ThirdParty/FreeRTOS/queue.o
LOAD ./ThirdParty/FreeRTOS/stream_buffer.o
LOAD ./ThirdParty/FreeRTOS/tasks.o
LOAD ./ThirdParty/FreeRTOS/timers.o
LOAD ./ThirdParty/FreeRTOS/portable/GCC/ARM_CM4F/port.o
LOAD ./ThirdParty/FreeRTOS/portable/MemMang/heap_4.o
START GROUP
LOAD c:/st/stm32cubeide_1.12.0/stm32cubeide/plugins/com.st.stm32cube.ide.mcu.externaltools.gnu-tools-for-stm32.10.3-2021.10.win32_1.0.200.202301161003/tools/bin/../lib/gcc/arm-none-eabi/10.3.1/../../../../arm-none-eabi/lib/thumb/v7e-m+fp/hard\libc_nano.a
LOAD c:/st/stm32cubeide_1.12.0/stm32cubeide/plugins/com.st.stm32cube.ide.mcu.externaltools.gnu-tools-for-stm32.10.3-2021.10.win32_1.0.200.202301161003/tools/bin/../lib/gcc/arm-none-eabi/10.3.1/../../../../arm-none-eabi/lib/thumb/v7e-m+fp/hard\libm.a
END GROUP
START GROUP
LOAD c:/st/stm32cubeide_1.12.0/stm32cubeide/plugins/com.st.stm32cube.ide.mcu.externaltools.gnu-tools-for-stm32.10.3-2021.10.win32_1.0.200.202301161003/tools/bin/../lib/gcc/arm-none-eabi/10.3.1/thumb/v7e-m+fp/hard\libgcc.a
LOAD c:/st/stm32cubeide_1.12.0/stm32cubeide/plugins/com.st.stm32cube.ide.mcu.externaltools.gnu-tools-for-stm32.10.3-2021.10.win32_1.0.200.202301161003/tools/bin/../lib/gcc/arm-none-eabi/10.3.1/../../../../arm-none-eabi/lib/thumb/v7e-m+fp/hard\libc_nano.a
END GROUP
START GROUP
LOAD c:/st/stm32cubeide_1.12.0/stm32cubeide/plugins/com.st.stm32cube.ide.mcu.externaltools.gnu-tools-for-stm32.10.3-2021.10.win32_1.0.200.202301161003/tools/bin/../lib/gcc/arm-none-eabi/10.3.1/thumb/v7e-m+fp/hard\libgcc.a
LOAD c:/st/stm32cubeide_1.12.0/stm32cubeide/plugins/com.st.stm32cube.ide.mcu.externaltools.gnu-tools-for-stm32.10.3-2021.10.win32_1.0.200.202301161003/tools/bin/../lib/gcc/arm-none-eabi/10.3.1/../../../../arm-none-eabi/lib/thumb/v7e-m+fp/hard\libc_nano.a
LOAD c:/st/stm32cubeide_1.12.0/stm32cubeide/plugins/com.st.stm32cube.ide.mcu.externaltools.gnu-tools-for-stm32.10.3-2021.10.win32_1.0.200.202301161003/tools/bin/../lib/gcc/arm-none-eabi/10.3.1/../../../../arm-none-eabi/lib/thumb/v7e-m+fp/hard\libnosys.a
END GROUP
START GROUP
LOAD c:/st/stm32cubeide_1.12.0/stm32cubeide/plugins/com.st.stm32cube.ide.mcu.externaltools.gnu-tools-for-stm32.10.3-2021.10.win32_1.0.200.202301161003/tools/bin/../lib/gcc/arm-none-eabi/10.3.1/thumb/v7e-m+fp/hard\libgcc.a
LOAD c:/st/stm32cubeide_1.12.0/stm32cubeide/plugins/com.st.stm32cube.ide.mcu.externaltools.gnu-tools-for-stm32.10.3-2021.10.win32_1.0.200.202301161003/tools/bin/../lib/gcc/arm-none-eabi/10.3.1/../../../../arm-none-eabi/lib/thumb/v7e-m+fp/hard\libc_nano.a
LOAD c:/st/stm32cubeide_1.12.0/stm32cubeide/plugins/com.st.stm32cube.ide.mcu.externaltools.gnu-tools-for-stm32.10.3-2021.10.win32_1.0.200.202301161003/tools/bin/../lib/gcc/arm-none-eabi/10.3.1/../../../../arm-none-eabi/lib/thumb/v7e-m+fp/hard\libnosys.a
END GROUP
LOAD c:/st/stm32cubeide_1.12.0/stm32cubeide/plugins/com.st.stm32cube.ide.mcu.externaltools.gnu-tools-for-stm32.10.3-2021.10.win32_1.0.200.202301161003/tools/bin/../lib/gcc/arm-none-eabi/10.3.1/thumb/v7e-m+fp/hard/crtend.o
LOAD c:/st/stm32cubeide_1.12.0/stm32cubeide/plugins/com.st.stm32cube.ide.mcu.externaltools.gnu-tools-for-stm32.10.3-2021.10.win32_1.0.200.202301161003/tools/bin/../lib/gcc/arm-none-eabi/10.3.1/thumb/v7e-m+fp/hard/crtn.o
                0x0000000020020000                _estack = (ORIGIN (RAM) + LENGTH (RAM))
                0x0000000000000200                _Min_Heap_Size = 0x200
                0x0000000000000400                _Min_Stack_Size = 0x400

.isr_vector     0x0000000008000000      0x188
                0x0000000008000000                . = ALIGN (0x4)
 *(.isr_vector)
 .isr_vector    0x0000000008000000      0x188 ./Core/Startup/startup_stm32f407vgtx.o
                0x0000000008000000                g_pfnVectors
                0x0000000008000188                . = ALIGN (0x4)

.text           0x0000000008000190     0x4bf8
                0x0000000008000190                . = ALIGN (0x4)
 *(.text)
 .text          0x0000000008000190       0x40 c:/st/stm32cubeide_1.12.0/stm32cubeide/plugins/com.st.stm32cube.ide.mcu.externaltools.gnu-tools-for-stm32.10.3-2021.10.win32_1.0.200.202301161003/tools/bin/../lib/gcc/arm-none-eabi/10.3.1/thumb/v7e-m+fp/hard/crtbegin.o
 .text          0x00000000080001d0       0x30 c:/st/stm32cubeide_1.12.0/stm32cubeide/plugins/com.st.stm32cube.ide.mcu.externaltools.gnu-tools-for-stm32.10.3-2021.10.win32_1.0.200.202301161003/tools/bin/../lib/gcc/arm-none-eabi/10.3.1/thumb/v7e-m+fp/hard\libgcc.a(_aeabi_uldivmod.o)
                0x00000000080001d0                __aeabi_uldivmod
 .text          0x0000000008000200      0x2d0 c:/st/stm32cubeide_1.12.0/stm32cubeide/plugins/com.st.stm32cube.ide.mcu.externaltools.gnu-tools-for-stm32.10.3-2021.10.win32_1.0.200.202301161003/tools/bin/../lib/gcc/arm-none-eabi/10.3.1/thumb/v7e-m+fp/hard\libgcc.a(_udivmoddi4.o)
                0x0000000008000200                __udivmoddi4
 .text          0x00000000080004d0        0x4 c:/st/stm32cubeide_1.12.0/stm32cubeide/plugins/com.st.stm32cube.ide.mcu.externaltools.gnu-tools-for-stm32.10.3-2021.10.win32_1.0.200.202301161003/tools/bin/../lib/gcc/arm-none-eabi/10.3.1/thumb/v7e-m+fp/hard\libgcc.a(_dvmd_tls.o)
                0x00000000080004d0                __aeabi_idiv0
                0x00000000080004d0                __aeabi_ldiv0
 *(.text*)
 .text.main     0x00000000080004d4       0x98 ./Core/Src/main.o
                0x00000000080004d4                main
 .text.SystemClock_Config
                0x000000000800056c       0xd4 ./Core/Src/main.o
                0x000000000800056c                SystemClock_Config
 .text.MX_GPIO_Init
                0x0000000008000640      0x2bc ./Core/Src/main.o
 .text.task1_handler
                0x00000000080008fc       0x24 ./Core/Src/main.o
 .text.task2_handler
                0x0000000008000920       0x24 ./Core/Src/main.o
 .text.HAL_TIM_PeriodElapsedCallback
                0x0000000008000944       0x24 ./Core/Src/main.o
                0x0000000008000944                HAL_TIM_PeriodElapsedCallback
 .text.Error_Handler
                0x0000000008000968        0xa ./Core/Src/main.o
                0x0000000008000968                Error_Handler
 *fill*         0x0000000008000972        0x2 
 .text.HAL_MspInit
                0x0000000008000974       0x50 ./Core/Src/stm32f4xx_hal_msp.o
                0x0000000008000974                HAL_MspInit
 .text.HAL_InitTick
                0x00000000080009c4       0xf8 ./Core/Src/stm32f4xx_hal_timebase_tim.o
                0x00000000080009c4                HAL_InitTick
 .text.NMI_Handler
                0x0000000008000abc        0x6 ./Core/Src/stm32f4xx_it.o
                0x0000000008000abc                NMI_Handler
 .text.HardFault_Handler
                0x0000000008000ac2        0x6 ./Core/Src/stm32f4xx_it.o
                0x0000000008000ac2                HardFault_Handler
 .text.MemManage_Handler
                0x0000000008000ac8        0x6 ./Core/Src/stm32f4xx_it.o
                0x0000000008000ac8                MemManage_Handler
 .text.BusFault_Handler
                0x0000000008000ace        0x6 ./Core/Src/stm32f4xx_it.o
                0x0000000008000ace                BusFault_Handler
 .text.UsageFault_Handler
                0x0000000008000ad4        0x6 ./Core/Src/stm32f4xx_it.o
                0x0000000008000ad4                UsageFault_Handler
 .text.DebugMon_Handler
                0x0000000008000ada        0xe ./Core/Src/stm32f4xx_it.o
                0x0000000008000ada                DebugMon_Handler
 .text.TIM6_DAC_IRQHandler
                0x0000000008000ae8       0x14 ./Core/Src/stm32f4xx_it.o
                0x0000000008000ae8                TIM6_DAC_IRQHandler
 .text.ITM_SendChar
                0x0000000008000afc       0x50 ./Core/Src/syscalls.o
                0x0000000008000afc                ITM_SendChar
 .text._read    0x0000000008000b4c       0x3a ./Core/Src/syscalls.o
                0x0000000008000b4c                _read
 .text._write   0x0000000008000b86       0x38 ./Core/Src/syscalls.o
                0x0000000008000b86                _write
 .text._close   0x0000000008000bbe       0x18 ./Core/Src/syscalls.o
                0x0000000008000bbe                _close
 .text._fstat   0x0000000008000bd6       0x20 ./Core/Src/syscalls.o
                0x0000000008000bd6                _fstat
 .text._isatty  0x0000000008000bf6       0x16 ./Core/Src/syscalls.o
                0x0000000008000bf6                _isatty
 .text._lseek   0x0000000008000c0c       0x1a ./Core/Src/syscalls.o
                0x0000000008000c0c                _lseek
 *fill*         0x0000000008000c26        0x2 
 .text.SystemInit
                0x0000000008000c28       0x24 ./Core/Src/system_stm32f4xx.o
                0x0000000008000c28                SystemInit
 .text.Reset_Handler
                0x0000000008000c4c       0x50 ./Core/Startup/startup_stm32f407vgtx.o
                0x0000000008000c4c                Reset_Handler
 .text.Default_Handler
                0x0000000008000c9c        0x2 ./Core/Startup/startup_stm32f407vgtx.o
                0x0000000008000c9c                RTC_Alarm_IRQHandler
                0x0000000008000c9c                HASH_RNG_IRQHandler
                0x0000000008000c9c                EXTI2_IRQHandler
                0x0000000008000c9c                TIM8_CC_IRQHandler
                0x0000000008000c9c                TIM1_CC_IRQHandler
                0x0000000008000c9c                DMA2_Stream5_IRQHandler
                0x0000000008000c9c                DMA1_Stream5_IRQHandler
                0x0000000008000c9c                PVD_IRQHandler
                0x0000000008000c9c                SDIO_IRQHandler
                0x0000000008000c9c                TAMP_STAMP_IRQHandler
                0x0000000008000c9c                CAN2_RX1_IRQHandler
                0x0000000008000c9c                EXTI3_IRQHandler
                0x0000000008000c9c                TIM8_TRG_COM_TIM14_IRQHandler
                0x0000000008000c9c                TIM1_UP_TIM10_IRQHandler
                0x0000000008000c9c                TIM8_UP_TIM13_IRQHandler
                0x0000000008000c9c                I2C3_ER_IRQHandler
                0x0000000008000c9c                EXTI0_IRQHandler
                0x0000000008000c9c                I2C2_EV_IRQHandler
                0x0000000008000c9c                DMA1_Stream2_IRQHandler
                0x0000000008000c9c                CAN1_RX0_IRQHandler
                0x0000000008000c9c                FPU_IRQHandler
                0x0000000008000c9c                OTG_HS_WKUP_IRQHandler
                0x0000000008000c9c                CAN2_SCE_IRQHandler
                0x0000000008000c9c                DMA2_Stream2_IRQHandler
                0x0000000008000c9c                SPI1_IRQHandler
                0x0000000008000c9c                TIM1_BRK_TIM9_IRQHandler
                0x0000000008000c9c                DCMI_IRQHandler
                0x0000000008000c9c                CAN2_RX0_IRQHandler
                0x0000000008000c9c                DMA2_Stream3_IRQHandler
                0x0000000008000c9c                USART6_IRQHandler
                0x0000000008000c9c                USART3_IRQHandler
                0x0000000008000c9c                CAN1_RX1_IRQHandler
                0x0000000008000c9c                UART5_IRQHandler
                0x0000000008000c9c                DMA2_Stream0_IRQHandler
                0x0000000008000c9c                TIM4_IRQHandler
                0x0000000008000c9c                I2C1_EV_IRQHandler
                0x0000000008000c9c                DMA1_Stream6_IRQHandler
                0x0000000008000c9c                DMA1_Stream1_IRQHandler
                0x0000000008000c9c                UART4_IRQHandler
                0x0000000008000c9c                TIM3_IRQHandler
                0x0000000008000c9c                RCC_IRQHandler
                0x0000000008000c9c                TIM8_BRK_TIM12_IRQHandler
                0x0000000008000c9c                Default_Handler
                0x0000000008000c9c                EXTI15_10_IRQHandler
                0x0000000008000c9c                ADC_IRQHandler
                0x0000000008000c9c                DMA1_Stream7_IRQHandler
                0x0000000008000c9c                TIM7_IRQHandler
                0x0000000008000c9c                CAN2_TX_IRQHandler
                0x0000000008000c9c                TIM5_IRQHandler
                0x0000000008000c9c                DMA2_Stream7_IRQHandler
                0x0000000008000c9c                I2C3_EV_IRQHandler
                0x0000000008000c9c                EXTI9_5_IRQHandler
                0x0000000008000c9c                RTC_WKUP_IRQHandler
                0x0000000008000c9c                ETH_WKUP_IRQHandler
                0x0000000008000c9c                SPI2_IRQHandler
                0x0000000008000c9c                OTG_HS_EP1_IN_IRQHandler
                0x0000000008000c9c                DMA1_Stream0_IRQHandler
                0x0000000008000c9c                CAN1_TX_IRQHandler
                0x0000000008000c9c                EXTI4_IRQHandler
                0x0000000008000c9c                FSMC_IRQHandler
                0x0000000008000c9c                ETH_IRQHandler
                0x0000000008000c9c                OTG_HS_EP1_OUT_IRQHandler
                0x0000000008000c9c                WWDG_IRQHandler
                0x0000000008000c9c                TIM2_IRQHandler
                0x0000000008000c9c                OTG_FS_WKUP_IRQHandler
                0x0000000008000c9c                TIM1_TRG_COM_TIM11_IRQHandler
                0x0000000008000c9c                OTG_HS_IRQHandler
                0x0000000008000c9c                EXTI1_IRQHandler
                0x0000000008000c9c                USART2_IRQHandler
                0x0000000008000c9c                I2C2_ER_IRQHandler
                0x0000000008000c9c                DMA2_Stream1_IRQHandler
                0x0000000008000c9c                CAN1_SCE_IRQHandler
                0x0000000008000c9c                FLASH_IRQHandler
                0x0000000008000c9c                DMA2_Stream4_IRQHandler
                0x0000000008000c9c                USART1_IRQHandler
                0x0000000008000c9c                OTG_FS_IRQHandler
                0x0000000008000c9c                SPI3_IRQHandler
                0x0000000008000c9c                DMA1_Stream4_IRQHandler
                0x0000000008000c9c                I2C1_ER_IRQHandler
                0x0000000008000c9c                DMA2_Stream6_IRQHandler
                0x0000000008000c9c                DMA1_Stream3_IRQHandler
 *fill*         0x0000000008000c9e        0x2 
 .text.HAL_Init
                0x0000000008000ca0       0x44 ./Drivers/STM32F4xx_HAL_Driver/Src/stm32f4xx_hal.o
                0x0000000008000ca0                HAL_Init
 .text.HAL_IncTick
                0x0000000008000ce4       0x28 ./Drivers/STM32F4xx_HAL_Driver/Src/stm32f4xx_hal.o
                0x0000000008000ce4                HAL_IncTick
 .text.HAL_GetTick
                0x0000000008000d0c       0x18 ./Drivers/STM32F4xx_HAL_Driver/Src/stm32f4xx_hal.o
                0x0000000008000d0c                HAL_GetTick
 .text.__NVIC_SetPriorityGrouping
                0x0000000008000d24       0x48 ./Drivers/STM32F4xx_HAL_Driver/Src/stm32f4xx_hal_cortex.o
 .text.__NVIC_GetPriorityGrouping
                0x0000000008000d6c       0x1c ./Drivers/STM32F4xx_HAL_Driver/Src/stm32f4xx_hal_cortex.o
 .text.__NVIC_EnableIRQ
                0x0000000008000d88       0x3c ./Drivers/STM32F4xx_HAL_Driver/Src/stm32f4xx_hal_cortex.o
 .text.__NVIC_SetPriority
                0x0000000008000dc4       0x54 ./Drivers/STM32F4xx_HAL_Driver/Src/stm32f4xx_hal_cortex.o
 .text.NVIC_EncodePriority
                0x0000000008000e18       0x66 ./Drivers/STM32F4xx_HAL_Driver/Src/stm32f4xx_hal_cortex.o
 .text.HAL_NVIC_SetPriorityGrouping
                0x0000000008000e7e       0x16 ./Drivers/STM32F4xx_HAL_Driver/Src/stm32f4xx_hal_cortex.o
                0x0000000008000e7e                HAL_NVIC_SetPriorityGrouping
 .text.HAL_NVIC_SetPriority
                0x0000000008000e94       0x38 ./Drivers/STM32F4xx_HAL_Driver/Src/stm32f4xx_hal_cortex.o
                0x0000000008000e94                HAL_NVIC_SetPriority
 .text.HAL_NVIC_EnableIRQ
                0x0000000008000ecc       0x1c ./Drivers/STM32F4xx_HAL_Driver/Src/stm32f4xx_hal_cortex.o
                0x0000000008000ecc                HAL_NVIC_EnableIRQ
 .text.HAL_GPIO_Init
                0x0000000008000ee8      0x338 ./Drivers/STM32F4xx_HAL_Driver/Src/stm32f4xx_hal_gpio.o
                0x0000000008000ee8                HAL_GPIO_Init
 .text.HAL_GPIO_WritePin
                0x0000000008001220       0x32 ./Drivers/STM32F4xx_HAL_Driver/Src/stm32f4xx_hal_gpio.o
                0x0000000008001220                HAL_GPIO_WritePin
 *fill*         0x0000000008001252        0x2 
 .text.HAL_RCC_OscConfig
                0x0000000008001254      0x4f0 ./Drivers/STM32F4xx_HAL_Driver/Src/stm32f4xx_hal_rcc.o
                0x0000000008001254                HAL_RCC_OscConfig
 .text.HAL_RCC_ClockConfig
                0x0000000008001744      0x1cc ./Drivers/STM32F4xx_HAL_Driver/Src/stm32f4xx_hal_rcc.o
                0x0000000008001744                HAL_RCC_ClockConfig
 .text.HAL_RCC_GetSysClockFreq
                0x0000000008001910      0x20c ./Drivers/STM32F4xx_HAL_Driver/Src/stm32f4xx_hal_rcc.o
                0x0000000008001910                HAL_RCC_GetSysClockFreq
 .text.HAL_RCC_GetHCLKFreq
                0x0000000008001b1c       0x18 ./Drivers/STM32F4xx_HAL_Driver/Src/stm32f4xx_hal_rcc.o
                0x0000000008001b1c                HAL_RCC_GetHCLKFreq
 .text.HAL_RCC_GetPCLK1Freq
                0x0000000008001b34       0x28 ./Drivers/STM32F4xx_HAL_Driver/Src/stm32f4xx_hal_rcc.o
                0x0000000008001b34                HAL_RCC_GetPCLK1Freq
 .text.HAL_RCC_GetClockConfig
                0x0000000008001b5c       0x64 ./Drivers/STM32F4xx_HAL_Driver/Src/stm32f4xx_hal_rcc.o
                0x0000000008001b5c                HAL_RCC_GetClockConfig
 .text.HAL_TIM_Base_Init
                0x0000000008001bc0       0x9e ./Drivers/STM32F4xx_HAL_Driver/Src/stm32f4xx_hal_tim.o
                0x0000000008001bc0                HAL_TIM_Base_Init
 .text.HAL_TIM_Base_MspInit
                0x0000000008001c5e       0x14 ./Drivers/STM32F4xx_HAL_Driver/Src/stm32f4xx_hal_tim.o
                0x0000000008001c5e                HAL_TIM_Base_MspInit
 *fill*         0x0000000008001c72        0x2 
 .text.HAL_TIM_Base_Start_IT
                0x0000000008001c74       0xe0 ./Drivers/STM32F4xx_HAL_Driver/Src/stm32f4xx_hal_tim.o
                0x0000000008001c74                HAL_TIM_Base_Start_IT
 .text.HAL_TIM_IRQHandler
                0x0000000008001d54      0x210 ./Drivers/STM32F4xx_HAL_Driver/Src/stm32f4xx_hal_tim.o
                0x0000000008001d54                HAL_TIM_IRQHandler
 .text.HAL_TIM_OC_DelayElapsedCallback
                0x0000000008001f64       0x14 ./Drivers/STM32F4xx_HAL_Driver/Src/stm32f4xx_hal_tim.o
                0x0000000008001f64                HAL_TIM_OC_DelayElapsedCallback
 .text.HAL_TIM_IC_CaptureCallback
                0x0000000008001f78       0x14 ./Drivers/STM32F4xx_HAL_Driver/Src/stm32f4xx_hal_tim.o
                0x0000000008001f78                HAL_TIM_IC_CaptureCallback
 .text.HAL_TIM_PWM_PulseFinishedCallback
                0x0000000008001f8c       0x14 ./Drivers/STM32F4xx_HAL_Driver/Src/stm32f4xx_hal_tim.o
                0x0000000008001f8c                HAL_TIM_PWM_PulseFinishedCallback
 .text.HAL_TIM_TriggerCallback
                0x0000000008001fa0       0x14 ./Drivers/STM32F4xx_HAL_Driver/Src/stm32f4xx_hal_tim.o
                0x0000000008001fa0                HAL_TIM_TriggerCallback
 .text.TIM_Base_SetConfig
                0x0000000008001fb4      0x140 ./Drivers/STM32F4xx_HAL_Driver/Src/stm32f4xx_hal_tim.o
                0x0000000008001fb4                TIM_Base_SetConfig
 .text.HAL_TIMEx_CommutCallback
                0x00000000080020f4       0x14 ./Drivers/STM32F4xx_HAL_Driver/Src/stm32f4xx_hal_tim_ex.o
                0x00000000080020f4                HAL_TIMEx_CommutCallback
 .text.HAL_TIMEx_BreakCallback
                0x0000000008002108       0x14 ./Drivers/STM32F4xx_HAL_Driver/Src/stm32f4xx_hal_tim_ex.o
                0x0000000008002108                HAL_TIMEx_BreakCallback
 .text.vListInitialise
                0x000000000800211c       0x40 ./ThirdParty/FreeRTOS/list.o
                0x000000000800211c                vListInitialise
 .text.vListInitialiseItem
                0x000000000800215c       0x1a ./ThirdParty/FreeRTOS/list.o
                0x000000000800215c                vListInitialiseItem
 .text.vListInsert
                0x0000000008002176       0x72 ./ThirdParty/FreeRTOS/list.o
                0x0000000008002176                vListInsert
 .text.uxListRemove
                0x00000000080021e8       0x54 ./ThirdParty/FreeRTOS/list.o
                0x00000000080021e8                uxListRemove
 .text.xQueueGenericReset
                0x000000000800223c      0x104 ./ThirdParty/FreeRTOS/queue.o
                0x000000000800223c                xQueueGenericReset
 .text.xQueueGenericCreate
                0x0000000008002340       0x9c ./ThirdParty/FreeRTOS/queue.o
                0x0000000008002340                xQueueGenericCreate
 .text.prvInitialiseNewQueue
                0x00000000080023dc       0x46 ./ThirdParty/FreeRTOS/queue.o
 *fill*         0x0000000008002422        0x2 
 .text.xQueueReceive
                0x0000000008002424      0x1a8 ./ThirdParty/FreeRTOS/queue.o
                0x0000000008002424                xQueueReceive
 .text.prvCopyDataFromQueue
                0x00000000080025cc       0x4c ./ThirdParty/FreeRTOS/queue.o
 .text.prvUnlockQueue
                0x0000000008002618       0xa4 ./ThirdParty/FreeRTOS/queue.o
 .text.prvIsQueueEmpty
                0x00000000080026bc       0x2c ./ThirdParty/FreeRTOS/queue.o
 .text.vQueueAddToRegistry
                0x00000000080026e8       0x9c ./ThirdParty/FreeRTOS/queue.o
                0x00000000080026e8                vQueueAddToRegistry
 .text.vQueueWaitForMessageRestricted
                0x0000000008002784       0x68 ./ThirdParty/FreeRTOS/queue.o
                0x0000000008002784                vQueueWaitForMessageRestricted
 .text.xTaskCreate
                0x00000000080027ec       0x8c ./ThirdParty/FreeRTOS/tasks.o
                0x00000000080027ec                xTaskCreate
 .text.prvInitialiseNewTask
                0x0000000008002878      0x11c ./ThirdParty/FreeRTOS/tasks.o
 .text.prvAddNewTaskToReadyList
                0x0000000008002994      0x110 ./ThirdParty/FreeRTOS/tasks.o
 .text.vTaskStartScheduler
                0x0000000008002aa4       0xa4 ./ThirdParty/FreeRTOS/tasks.o
                0x0000000008002aa4                vTaskStartScheduler
 .text.vTaskSuspendAll
                0x0000000008002b48       0x1c ./ThirdParty/FreeRTOS/tasks.o
                0x0000000008002b48                vTaskSuspendAll
 .text.xTaskResumeAll
                0x0000000008002b64      0x1dc ./ThirdParty/FreeRTOS/tasks.o
                0x0000000008002b64                xTaskResumeAll
 .text.xTaskGetTickCount
                0x0000000008002d40       0x20 ./ThirdParty/FreeRTOS/tasks.o
                0x0000000008002d40                xTaskGetTickCount
 .text.xTaskIncrementTick
                0x0000000008002d60      0x1e8 ./ThirdParty/FreeRTOS/tasks.o
                0x0000000008002d60                xTaskIncrementTick
 .text.vTaskSwitchContext
                0x0000000008002f48       0xb8 ./ThirdParty/FreeRTOS/tasks.o
                0x0000000008002f48                vTaskSwitchContext
 .text.vTaskPlaceOnEventList
                0x0000000008003000       0x48 ./ThirdParty/FreeRTOS/tasks.o
                0x0000000008003000                vTaskPlaceOnEventList
 .text.vTaskPlaceOnEventListRestricted
                0x0000000008003048       0x8c ./ThirdParty/FreeRTOS/tasks.o
                0x0000000008003048                vTaskPlaceOnEventListRestricted
 .text.xTaskRemoveFromEventList
                0x00000000080030d4      0x1ac ./ThirdParty/FreeRTOS/tasks.o
                0x00000000080030d4                xTaskRemoveFromEventList
 .text.vTaskInternalSetTimeOutState
                0x0000000008003280       0x2c ./ThirdParty/FreeRTOS/tasks.o
                0x0000000008003280                vTaskInternalSetTimeOutState
 .text.xTaskCheckForTimeOut
                0x00000000080032ac       0xcc ./ThirdParty/FreeRTOS/tasks.o
                0x00000000080032ac                xTaskCheckForTimeOut
 .text.vTaskMissedYield
                0x0000000008003378       0x18 ./ThirdParty/FreeRTOS/tasks.o
                0x0000000008003378                vTaskMissedYield
 .text.prvIdleTask
                0x0000000008003390       0x24 ./ThirdParty/FreeRTOS/tasks.o
 .text.prvInitialiseTaskLists
                0x00000000080033b4       0x80 ./ThirdParty/FreeRTOS/tasks.o
 .text.prvCheckTasksWaitingTermination
                0x0000000008003434       0x5c ./ThirdParty/FreeRTOS/tasks.o
 .text.prvDeleteTCB
                0x0000000008003490       0x20 ./ThirdParty/FreeRTOS/tasks.o
 .text.prvResetNextTaskUnblockTime
                0x00000000080034b0       0x38 ./ThirdParty/FreeRTOS/tasks.o
 .text.xTaskGetSchedulerState
                0x00000000080034e8       0x3c ./ThirdParty/FreeRTOS/tasks.o
                0x00000000080034e8                xTaskGetSchedulerState
 .text.prvAddCurrentTaskToDelayedList
                0x0000000008003524      0x100 ./ThirdParty/FreeRTOS/tasks.o
 .text.xTimerCreateTimerTask
                0x0000000008003624       0x64 ./ThirdParty/FreeRTOS/timers.o
                0x0000000008003624                xTimerCreateTimerTask
 .text.prvReloadTimer
                0x0000000008003688       0x42 ./ThirdParty/FreeRTOS/timers.o
 *fill*         0x00000000080036ca        0x2 
 .text.prvProcessExpiredTimer
                0x00000000080036cc       0x60 ./ThirdParty/FreeRTOS/timers.o
 .text.prvTimerTask
                0x000000000800372c       0x24 ./ThirdParty/FreeRTOS/timers.o
 .text.prvProcessTimerOrBlockTask
                0x0000000008003750       0x9c ./ThirdParty/FreeRTOS/timers.o
 .text.prvGetNextExpireTime
                0x00000000080037ec       0x48 ./ThirdParty/FreeRTOS/timers.o
 .text.prvSampleTimeNow
                0x0000000008003834       0x40 ./ThirdParty/FreeRTOS/timers.o
 .text.prvInsertTimerInActiveList
                0x0000000008003874       0x84 ./ThirdParty/FreeRTOS/timers.o
 .text.prvProcessReceivedCommands
                0x00000000080038f8      0x17c ./ThirdParty/FreeRTOS/timers.o
 .text.prvSwitchTimerLists
                0x0000000008003a74       0x4c ./ThirdParty/FreeRTOS/timers.o
 .text.prvCheckForValidListAndQueue
                0x0000000008003ac0       0x6c ./ThirdParty/FreeRTOS/timers.o
 .text.pxPortInitialiseStack
                0x0000000008003b2c       0x68 ./ThirdParty/FreeRTOS/portable/GCC/ARM_CM4F/port.o
                0x0000000008003b2c                pxPortInitialiseStack
 .text.prvTaskExitError
                0x0000000008003b94       0x58 ./ThirdParty/FreeRTOS/portable/GCC/ARM_CM4F/port.o
 *fill*         0x0000000008003bec        0x4 
 .text.SVC_Handler
                0x0000000008003bf0       0x28 ./ThirdParty/FreeRTOS/portable/GCC/ARM_CM4F/port.o
                0x0000000008003bf0                SVC_Handler
 .text.prvPortStartFirstTask
                0x0000000008003c18       0x2c ./ThirdParty/FreeRTOS/portable/GCC/ARM_CM4F/port.o
 .text.xPortStartScheduler
                0x0000000008003c44      0x144 ./ThirdParty/FreeRTOS/portable/GCC/ARM_CM4F/port.o
                0x0000000008003c44                xPortStartScheduler
 .text.vPortEnterCritical
                0x0000000008003d88       0x60 ./ThirdParty/FreeRTOS/portable/GCC/ARM_CM4F/port.o
                0x0000000008003d88                vPortEnterCritical
 .text.vPortExitCritical
                0x0000000008003de8       0x54 ./ThirdParty/FreeRTOS/portable/GCC/ARM_CM4F/port.o
                0x0000000008003de8                vPortExitCritical
 *fill*         0x0000000008003e3c        0x4 
 .text.PendSV_Handler
                0x0000000008003e40       0x68 ./ThirdParty/FreeRTOS/portable/GCC/ARM_CM4F/port.o
                0x0000000008003e40                PendSV_Handler
 .text.SysTick_Handler
                0x0000000008003ea8       0x44 ./ThirdParty/FreeRTOS/portable/GCC/ARM_CM4F/port.o
                0x0000000008003ea8                SysTick_Handler
 .text.vPortSetupTimerInterrupt
                0x0000000008003eec       0x48 ./ThirdParty/FreeRTOS/portable/GCC/ARM_CM4F/port.o
                0x0000000008003eec                vPortSetupTimerInterrupt
 .text.vPortEnableVFP
                0x0000000008003f34       0x18 ./ThirdParty/FreeRTOS/portable/GCC/ARM_CM4F/port.o
 .text.pvPortMalloc
                0x0000000008003f4c      0x174 ./ThirdParty/FreeRTOS/portable/MemMang/heap_4.o
                0x0000000008003f4c                pvPortMalloc
 .text.vPortFree
                0x00000000080040c0       0xb8 ./ThirdParty/FreeRTOS/portable/MemMang/heap_4.o
                0x00000000080040c0                vPortFree
 .text.prvHeapInit
                0x0000000008004178       0xb8 ./ThirdParty/FreeRTOS/portable/MemMang/heap_4.o
 .text.prvInsertBlockIntoFreeList
                0x0000000008004230       0xb4 ./ThirdParty/FreeRTOS/portable/MemMang/heap_4.o
 .text.__libc_init_array
                0x00000000080042e4       0x48 c:/st/stm32cubeide_1.12.0/stm32cubeide/plugins/com.st.stm32cube.ide.mcu.externaltools.gnu-tools-for-stm32.10.3-2021.10.win32_1.0.200.202301161003/tools/bin/../lib/gcc/arm-none-eabi/10.3.1/../../../../arm-none-eabi/lib/thumb/v7e-m+fp/hard\libc_nano.a(lib_a-init.o)
                0x00000000080042e4                __libc_init_array
 .text.memcpy   0x000000000800432c       0x1c c:/st/stm32cubeide_1.12.0/stm32cubeide/plugins/com.st.stm32cube.ide.mcu.externaltools.gnu-tools-for-stm32.10.3-2021.10.win32_1.0.200.202301161003/tools/bin/../lib/gcc/arm-none-eabi/10.3.1/../../../../arm-none-eabi/lib/thumb/v7e-m+fp/hard\libc_nano.a(lib_a-memcpy-stub.o)
                0x000000000800432c                memcpy
 .text.memset   0x0000000008004348       0x10 c:/st/stm32cubeide_1.12.0/stm32cubeide/plugins/com.st.stm32cube.ide.mcu.externaltools.gnu-tools-for-stm32.10.3-2021.10.win32_1.0.200.202301161003/tools/bin/../lib/gcc/arm-none-eabi/10.3.1/../../../../arm-none-eabi/lib/thumb/v7e-m+fp/hard\libc_nano.a(lib_a-memset.o)
                0x0000000008004348                memset
 .text._puts_r  0x0000000008004358       0xdc c:/st/stm32cubeide_1.12.0/stm32cubeide/plugins/com.st.stm32cube.ide.mcu.externaltools.gnu-tools-for-stm32.10.3-2021.10.win32_1.0.200.202301161003/tools/bin/../lib/gcc/arm-none-eabi/10.3.1/../../../../arm-none-eabi/lib/thumb/v7e-m+fp/hard\libc_nano.a(lib_a-puts.o)
                0x0000000008004358                _puts_r
 .text.puts     0x0000000008004434       0x10 c:/st/stm32cubeide_1.12.0/stm32cubeide/plugins/com.st.stm32cube.ide.mcu.externaltools.gnu-tools-for-stm32.10.3-2021.10.win32_1.0.200.202301161003/tools/bin/../lib/gcc/arm-none-eabi/10.3.1/../../../../arm-none-eabi/lib/thumb/v7e-m+fp/hard\libc_nano.a(lib_a-puts.o)
                0x0000000008004434                puts
 .text.__swbuf_r
                0x0000000008004444       0xa4 c:/st/stm32cubeide_1.12.0/stm32cubeide/plugins/com.st.stm32cube.ide.mcu.externaltools.gnu-tools-for-stm32.10.3-2021.10.win32_1.0.200.202301161003/tools/bin/../lib/gcc/arm-none-eabi/10.3.1/../../../../arm-none-eabi/lib/thumb/v7e-m+fp/hard\libc_nano.a(lib_a-wbuf.o)
                0x0000000008004444                __swbuf_r
 .text.__swsetup_r
                0x00000000080044e8       0xdc c:/st/stm32cubeide_1.12.0/stm32cubeide/plugins/com.st.stm32cube.ide.mcu.externaltools.gnu-tools-for-stm32.10.3-2021.10.win32_1.0.200.202301161003/tools/bin/../lib/gcc/arm-none-eabi/10.3.1/../../../../arm-none-eabi/lib/thumb/v7e-m+fp/hard\libc_nano.a(lib_a-wsetup.o)
                0x00000000080044e8                __swsetup_r
 .text.__sflush_r
                0x00000000080045c4      0x10c c:/st/stm32cubeide_1.12.0/stm32cubeide/plugins/com.st.stm32cube.ide.mcu.externaltools.gnu-tools-for-stm32.10.3-2021.10.win32_1.0.200.202301161003/tools/bin/../lib/gcc/arm-none-eabi/10.3.1/../../../../arm-none-eabi/lib/thumb/v7e-m+fp/hard\libc_nano.a(lib_a-fflush.o)
                0x00000000080045c4                __sflush_r
 .text._fflush_r
                0x00000000080046d0       0x78 c:/st/stm32cubeide_1.12.0/stm32cubeide/plugins/com.st.stm32cube.ide.mcu.externaltools.gnu-tools-for-stm32.10.3-2021.10.win32_1.0.200.202301161003/tools/bin/../lib/gcc/arm-none-eabi/10.3.1/../../../../arm-none-eabi/lib/thumb/v7e-m+fp/hard\libc_nano.a(lib_a-fflush.o)
                0x00000000080046d0                _fflush_r
 .text.std      0x0000000008004748       0x48 c:/st/stm32cubeide_1.12.0/stm32cubeide/plugins/com.st.stm32cube.ide.mcu.externaltools.gnu-tools-for-stm32.10.3-2021.10.win32_1.0.200.202301161003/tools/bin/../lib/gcc/arm-none-eabi/10.3.1/../../../../arm-none-eabi/lib/thumb/v7e-m+fp/hard\libc_nano.a(lib_a-findfp.o)
 .text._cleanup_r
                0x0000000008004790        0xc c:/st/stm32cubeide_1.12.0/stm32cubeide/plugins/com.st.stm32cube.ide.mcu.externaltools.gnu-tools-for-stm32.10.3-2021.10.win32_1.0.200.202301161003/tools/bin/../lib/gcc/arm-none-eabi/10.3.1/../../../../arm-none-eabi/lib/thumb/v7e-m+fp/hard\libc_nano.a(lib_a-findfp.o)
                0x0000000008004790                _cleanup_r
 .text.__sfmoreglue
                0x000000000800479c       0x2c c:/st/stm32cubeide_1.12.0/stm32cubeide/plugins/com.st.stm32cube.ide.mcu.externaltools.gnu-tools-for-stm32.10.3-2021.10.win32_1.0.200.202301161003/tools/bin/../lib/gcc/arm-none-eabi/10.3.1/../../../../arm-none-eabi/lib/thumb/v7e-m+fp/hard\libc_nano.a(lib_a-findfp.o)
                0x000000000800479c                __sfmoreglue
 .text.__sfp_lock_acquire
                0x00000000080047c8        0xc c:/st/stm32cubeide_1.12.0/stm32cubeide/plugins/com.st.stm32cube.ide.mcu.externaltools.gnu-tools-for-stm32.10.3-2021.10.win32_1.0.200.202301161003/tools/bin/../lib/gcc/arm-none-eabi/10.3.1/../../../../arm-none-eabi/lib/thumb/v7e-m+fp/hard\libc_nano.a(lib_a-findfp.o)
                0x00000000080047c8                __sfp_lock_acquire
 .text.__sfp_lock_release
                0x00000000080047d4        0xc c:/st/stm32cubeide_1.12.0/stm32cubeide/plugins/com.st.stm32cube.ide.mcu.externaltools.gnu-tools-for-stm32.10.3-2021.10.win32_1.0.200.202301161003/tools/bin/../lib/gcc/arm-none-eabi/10.3.1/../../../../arm-none-eabi/lib/thumb/v7e-m+fp/hard\libc_nano.a(lib_a-findfp.o)
                0x00000000080047d4                __sfp_lock_release
 .text.__sinit_lock_acquire
                0x00000000080047e0        0xc c:/st/stm32cubeide_1.12.0/stm32cubeide/plugins/com.st.stm32cube.ide.mcu.externaltools.gnu-tools-for-stm32.10.3-2021.10.win32_1.0.200.202301161003/tools/bin/../lib/gcc/arm-none-eabi/10.3.1/../../../../arm-none-eabi/lib/thumb/v7e-m+fp/hard\libc_nano.a(lib_a-findfp.o)
                0x00000000080047e0                __sinit_lock_acquire
 .text.__sinit_lock_release
                0x00000000080047ec        0xc c:/st/stm32cubeide_1.12.0/stm32cubeide/plugins/com.st.stm32cube.ide.mcu.externaltools.gnu-tools-for-stm32.10.3-2021.10.win32_1.0.200.202301161003/tools/bin/../lib/gcc/arm-none-eabi/10.3.1/../../../../arm-none-eabi/lib/thumb/v7e-m+fp/hard\libc_nano.a(lib_a-findfp.o)
                0x00000000080047ec                __sinit_lock_release
 .text.__sinit  0x00000000080047f8       0x70 c:/st/stm32cubeide_1.12.0/stm32cubeide/plugins/com.st.stm32cube.ide.mcu.externaltools.gnu-tools-for-stm32.10.3-2021.10.win32_1.0.200.202301161003/tools/bin/../lib/gcc/arm-none-eabi/10.3.1/../../../../arm-none-eabi/lib/thumb/v7e-m+fp/hard\libc_nano.a(lib_a-findfp.o)
                0x00000000080047f8                __sinit
 .text.__sfp    0x0000000008004868       0x8c c:/st/stm32cubeide_1.12.0/stm32cubeide/plugins/com.st.stm32cube.ide.mcu.externaltools.gnu-tools-for-stm32.10.3-2021.10.win32_1.0.200.202301161003/tools/bin/../lib/gcc/arm-none-eabi/10.3.1/../../../../arm-none-eabi/lib/thumb/v7e-m+fp/hard\libc_nano.a(lib_a-findfp.o)
                0x0000000008004868                __sfp
 .text._fwalk_reent
                0x00000000080048f4       0x3e c:/st/stm32cubeide_1.12.0/stm32cubeide/plugins/com.st.stm32cube.ide.mcu.externaltools.gnu-tools-for-stm32.10.3-2021.10.win32_1.0.200.202301161003/tools/bin/../lib/gcc/arm-none-eabi/10.3.1/../../../../arm-none-eabi/lib/thumb/v7e-m+fp/hard\libc_nano.a(lib_a-fwalk.o)
                0x00000000080048f4                _fwalk_reent
 .text.__retarget_lock_init_recursive
                0x0000000008004932        0x2 c:/st/stm32cubeide_1.12.0/stm32cubeide/plugins/com.st.stm32cube.ide.mcu.externaltools.gnu-tools-for-stm32.10.3-2021.10.win32_1.0.200.202301161003/tools/bin/../lib/gcc/arm-none-eabi/10.3.1/../../../../arm-none-eabi/lib/thumb/v7e-m+fp/hard\libc_nano.a(lib_a-lock.o)
                0x0000000008004932                __retarget_lock_init_recursive
 .text.__retarget_lock_acquire_recursive
                0x0000000008004934        0x2 c:/st/stm32cubeide_1.12.0/stm32cubeide/plugins/com.st.stm32cube.ide.mcu.externaltools.gnu-tools-for-stm32.10.3-2021.10.win32_1.0.200.202301161003/tools/bin/../lib/gcc/arm-none-eabi/10.3.1/../../../../arm-none-eabi/lib/thumb/v7e-m+fp/hard\libc_nano.a(lib_a-lock.o)
                0x0000000008004934                __retarget_lock_acquire_recursive
 .text.__retarget_lock_release_recursive
                0x0000000008004936        0x2 c:/st/stm32cubeide_1.12.0/stm32cubeide/plugins/com.st.stm32cube.ide.mcu.externaltools.gnu-tools-for-stm32.10.3-2021.10.win32_1.0.200.202301161003/tools/bin/../lib/gcc/arm-none-eabi/10.3.1/../../../../arm-none-eabi/lib/thumb/v7e-m+fp/hard\libc_nano.a(lib_a-lock.o)
                0x0000000008004936                __retarget_lock_release_recursive
 .text.__swhatbuf_r
                0x0000000008004938       0x4a c:/st/stm32cubeide_1.12.0/stm32cubeide/plugins/com.st.stm32cube.ide.mcu.externaltools.gnu-tools-for-stm32.10.3-2021.10.win32_1.0.200.202301161003/tools/bin/../lib/gcc/arm-none-eabi/10.3.1/../../../../arm-none-eabi/lib/thumb/v7e-m+fp/hard\libc_nano.a(lib_a-makebuf.o)
                0x0000000008004938                __swhatbuf_r
 *fill*         0x0000000008004982        0x2 
 .text.__smakebuf_r
                0x0000000008004984       0x80 c:/st/stm32cubeide_1.12.0/stm32cubeide/plugins/com.st.stm32cube.ide.mcu.externaltools.gnu-tools-for-stm32.10.3-2021.10.win32_1.0.200.202301161003/tools/bin/../lib/gcc/arm-none-eabi/10.3.1/../../../../arm-none-eabi/lib/thumb/v7e-m+fp/hard\libc_nano.a(lib_a-makebuf.o)
                0x0000000008004984                __smakebuf_r
 .text._free_r  0x0000000008004a04       0x98 c:/st/stm32cubeide_1.12.0/stm32cubeide/plugins/com.st.stm32cube.ide.mcu.externaltools.gnu-tools-for-stm32.10.3-2021.10.win32_1.0.200.202301161003/tools/bin/../lib/gcc/arm-none-eabi/10.3.1/../../../../arm-none-eabi/lib/thumb/v7e-m+fp/hard\libc_nano.a(lib_a-nano-freer.o)
                0x0000000008004a04                _free_r
 .text.sbrk_aligned
                0x0000000008004a9c       0x40 c:/st/stm32cubeide_1.12.0/stm32cubeide/plugins/com.st.stm32cube.ide.mcu.externaltools.gnu-tools-for-stm32.10.3-2021.10.win32_1.0.200.202301161003/tools/bin/../lib/gcc/arm-none-eabi/10.3.1/../../../../arm-none-eabi/lib/thumb/v7e-m+fp/hard\libc_nano.a(lib_a-nano-mallocr.o)
 .text._malloc_r
                0x0000000008004adc       0xe8 c:/st/stm32cubeide_1.12.0/stm32cubeide/plugins/com.st.stm32cube.ide.mcu.externaltools.gnu-tools-for-stm32.10.3-2021.10.win32_1.0.200.202301161003/tools/bin/../lib/gcc/arm-none-eabi/10.3.1/../../../../arm-none-eabi/lib/thumb/v7e-m+fp/hard\libc_nano.a(lib_a-nano-mallocr.o)
                0x0000000008004adc                _malloc_r
 .text._sbrk_r  0x0000000008004bc4       0x20 c:/st/stm32cubeide_1.12.0/stm32cubeide/plugins/com.st.stm32cube.ide.mcu.externaltools.gnu-tools-for-stm32.10.3-2021.10.win32_1.0.200.202301161003/tools/bin/../lib/gcc/arm-none-eabi/10.3.1/../../../../arm-none-eabi/lib/thumb/v7e-m+fp/hard\libc_nano.a(lib_a-sbrkr.o)
                0x0000000008004bc4                _sbrk_r
 .text.__sread  0x0000000008004be4       0x22 c:/st/stm32cubeide_1.12.0/stm32cubeide/plugins/com.st.stm32cube.ide.mcu.externaltools.gnu-tools-for-stm32.10.3-2021.10.win32_1.0.200.202301161003/tools/bin/../lib/gcc/arm-none-eabi/10.3.1/../../../../arm-none-eabi/lib/thumb/v7e-m+fp/hard\libc_nano.a(lib_a-stdio.o)
                0x0000000008004be4                __sread
 .text.__swrite
                0x0000000008004c06       0x38 c:/st/stm32cubeide_1.12.0/stm32cubeide/plugins/com.st.stm32cube.ide.mcu.externaltools.gnu-tools-for-stm32.10.3-2021.10.win32_1.0.200.202301161003/tools/bin/../lib/gcc/arm-none-eabi/10.3.1/../../../../arm-none-eabi/lib/thumb/v7e-m+fp/hard\libc_nano.a(lib_a-stdio.o)
                0x0000000008004c06                __swrite
 .text.__sseek  0x0000000008004c3e       0x24 c:/st/stm32cubeide_1.12.0/stm32cubeide/plugins/com.st.stm32cube.ide.mcu.externaltools.gnu-tools-for-stm32.10.3-2021.10.win32_1.0.200.202301161003/tools/bin/../lib/gcc/arm-none-eabi/10.3.1/../../../../arm-none-eabi/lib/thumb/v7e-m+fp/hard\libc_nano.a(lib_a-stdio.o)
                0x0000000008004c3e                __sseek
 .text.__sclose
                0x0000000008004c62        0x8 c:/st/stm32cubeide_1.12.0/stm32cubeide/plugins/com.st.stm32cube.ide.mcu.externaltools.gnu-tools-for-stm32.10.3-2021.10.win32_1.0.200.202301161003/tools/bin/../lib/gcc/arm-none-eabi/10.3.1/../../../../arm-none-eabi/lib/thumb/v7e-m+fp/hard\libc_nano.a(lib_a-stdio.o)
                0x0000000008004c62                __sclose
 *fill*         0x0000000008004c6a        0x2 
 .text._write_r
                0x0000000008004c6c       0x24 c:/st/stm32cubeide_1.12.0/stm32cubeide/plugins/com.st.stm32cube.ide.mcu.externaltools.gnu-tools-for-stm32.10.3-2021.10.win32_1.0.200.202301161003/tools/bin/../lib/gcc/arm-none-eabi/10.3.1/../../../../arm-none-eabi/lib/thumb/v7e-m+fp/hard\libc_nano.a(lib_a-writer.o)
                0x0000000008004c6c                _write_r
 .text._close_r
                0x0000000008004c90       0x20 c:/st/stm32cubeide_1.12.0/stm32cubeide/plugins/com.st.stm32cube.ide.mcu.externaltools.gnu-tools-for-stm32.10.3-2021.10.win32_1.0.200.202301161003/tools/bin/../lib/gcc/arm-none-eabi/10.3.1/../../../../arm-none-eabi/lib/thumb/v7e-m+fp/hard\libc_nano.a(lib_a-closer.o)
                0x0000000008004c90                _close_r
 .text._fstat_r
                0x0000000008004cb0       0x24 c:/st/stm32cubeide_1.12.0/stm32cubeide/plugins/com.st.stm32cube.ide.mcu.externaltools.gnu-tools-for-stm32.10.3-2021.10.win32_1.0.200.202301161003/tools/bin/../lib/gcc/arm-none-eabi/10.3.1/../../../../arm-none-eabi/lib/thumb/v7e-m+fp/hard\libc_nano.a(lib_a-fstatr.o)
                0x0000000008004cb0                _fstat_r
 .text._isatty_r
                0x0000000008004cd4       0x20 c:/st/stm32cubeide_1.12.0/stm32cubeide/plugins/com.st.stm32cube.ide.mcu.externaltools.gnu-tools-for-stm32.10.3-2021.10.win32_1.0.200.202301161003/tools/bin/../lib/gcc/arm-none-eabi/10.3.1/../../../../arm-none-eabi/lib/thumb/v7e-m+fp/hard\libc_nano.a(lib_a-isattyr.o)
                0x0000000008004cd4                _isatty_r
 .text._lseek_r
                0x0000000008004cf4       0x24 c:/st/stm32cubeide_1.12.0/stm32cubeide/plugins/com.st.stm32cube.ide.mcu.externaltools.gnu-tools-for-stm32.10.3-2021.10.win32_1.0.200.202301161003/tools/bin/../lib/gcc/arm-none-eabi/10.3.1/../../../../arm-none-eabi/lib/thumb/v7e-m+fp/hard\libc_nano.a(lib_a-lseekr.o)
                0x0000000008004cf4                _lseek_r
 .text.__malloc_lock
                0x0000000008004d18        0xc c:/st/stm32cubeide_1.12.0/stm32cubeide/plugins/com.st.stm32cube.ide.mcu.externaltools.gnu-tools-for-stm32.10.3-2021.10.win32_1.0.200.202301161003/tools/bin/../lib/gcc/arm-none-eabi/10.3.1/../../../../arm-none-eabi/lib/thumb/v7e-m+fp/hard\libc_nano.a(lib_a-mlock.o)
                0x0000000008004d18                __malloc_lock
 .text.__malloc_unlock
                0x0000000008004d24        0xc c:/st/stm32cubeide_1.12.0/stm32cubeide/plugins/com.st.stm32cube.ide.mcu.externaltools.gnu-tools-for-stm32.10.3-2021.10.win32_1.0.200.202301161003/tools/bin/../lib/gcc/arm-none-eabi/10.3.1/../../../../arm-none-eabi/lib/thumb/v7e-m+fp/hard\libc_nano.a(lib_a-mlock.o)
                0x0000000008004d24                __malloc_unlock
 .text._read_r  0x0000000008004d30       0x24 c:/st/stm32cubeide_1.12.0/stm32cubeide/plugins/com.st.stm32cube.ide.mcu.externaltools.gnu-tools-for-stm32.10.3-2021.10.win32_1.0.200.202301161003/tools/bin/../lib/gcc/arm-none-eabi/10.3.1/../../../../arm-none-eabi/lib/thumb/v7e-m+fp/hard\libc_nano.a(lib_a-readr.o)
                0x0000000008004d30                _read_r
 .text._sbrk    0x0000000008004d54       0x1c c:/st/stm32cubeide_1.12.0/stm32cubeide/plugins/com.st.stm32cube.ide.mcu.externaltools.gnu-tools-for-stm32.10.3-2021.10.win32_1.0.200.202301161003/tools/bin/../lib/gcc/arm-none-eabi/10.3.1/../../../../arm-none-eabi/lib/thumb/v7e-m+fp/hard\libnosys.a(sbrk.o)
                0x0000000008004d54                _sbrk
 *(.glue_7)
 .glue_7        0x0000000008004d70        0x0 linker stubs
 *(.glue_7t)
 .glue_7t       0x0000000008004d70        0x0 linker stubs
 *(.eh_frame)
 .eh_frame      0x0000000008004d70        0x0 c:/st/stm32cubeide_1.12.0/stm32cubeide/plugins/com.st.stm32cube.ide.mcu.externaltools.gnu-tools-for-stm32.10.3-2021.10.win32_1.0.200.202301161003/tools/bin/../lib/gcc/arm-none-eabi/10.3.1/thumb/v7e-m+fp/hard/crtbegin.o
 *(.init)
 .init          0x0000000008004d70        0x4 c:/st/stm32cubeide_1.12.0/stm32cubeide/plugins/com.st.stm32cube.ide.mcu.externaltools.gnu-tools-for-stm32.10.3-2021.10.win32_1.0.200.202301161003/tools/bin/../lib/gcc/arm-none-eabi/10.3.1/thumb/v7e-m+fp/hard/crti.o
                0x0000000008004d70                _init
 .init          0x0000000008004d74        0x8 c:/st/stm32cubeide_1.12.0/stm32cubeide/plugins/com.st.stm32cube.ide.mcu.externaltools.gnu-tools-for-stm32.10.3-2021.10.win32_1.0.200.202301161003/tools/bin/../lib/gcc/arm-none-eabi/10.3.1/thumb/v7e-m+fp/hard/crtn.o
 *(.fini)
 .fini          0x0000000008004d7c        0x4 c:/st/stm32cubeide_1.12.0/stm32cubeide/plugins/com.st.stm32cube.ide.mcu.externaltools.gnu-tools-for-stm32.10.3-2021.10.win32_1.0.200.202301161003/tools/bin/../lib/gcc/arm-none-eabi/10.3.1/thumb/v7e-m+fp/hard/crti.o
                0x0000000008004d7c                _fini
 .fini          0x0000000008004d80        0x8 c:/st/stm32cubeide_1.12.0/stm32cubeide/plugins/com.st.stm32cube.ide.mcu.externaltools.gnu-tools-for-stm32.10.3-2021.10.win32_1.0.200.202301161003/tools/bin/../lib/gcc/arm-none-eabi/10.3.1/thumb/v7e-m+fp/hard/crtn.o
                0x0000000008004d88                . = ALIGN (0x4)
                0x0000000008004d88                _etext = .

.vfp11_veneer   0x0000000008004d88        0x0
 .vfp11_veneer  0x0000000008004d88        0x0 linker stubs

.v4_bx          0x0000000008004d88        0x0
 .v4_bx         0x0000000008004d88        0x0 linker stubs

.iplt           0x0000000008004d88        0x0
 .iplt          0x0000000008004d88        0x0 c:/st/stm32cubeide_1.12.0/stm32cubeide/plugins/com.st.stm32cube.ide.mcu.externaltools.gnu-tools-for-stm32.10.3-2021.10.win32_1.0.200.202301161003/tools/bin/../lib/gcc/arm-none-eabi/10.3.1/thumb/v7e-m+fp/hard/crtbegin.o

.rodata         0x0000000008004d88       0xd4
                0x0000000008004d88                . = ALIGN (0x4)
 *(.rodata)
 .rodata        0x0000000008004d88       0x3f ./Core/Src/main.o
 *fill*         0x0000000008004dc7        0x1 
 .rodata        0x0000000008004dc8        0x5 ./ThirdParty/FreeRTOS/tasks.o
 *fill*         0x0000000008004dcd        0x3 
 .rodata        0x0000000008004dd0        0xd ./ThirdParty/FreeRTOS/timers.o
 *(.rodata*)
 *fill*         0x0000000008004ddd        0x3 
 .rodata.AHBPrescTable
                0x0000000008004de0       0x10 ./Core/Src/system_stm32f4xx.o
                0x0000000008004de0                AHBPrescTable
 .rodata.APBPrescTable
                0x0000000008004df0        0x8 ./Core/Src/system_stm32f4xx.o
                0x0000000008004df0                APBPrescTable
 .rodata._global_impure_ptr
                0x0000000008004df8        0x4 c:/st/stm32cubeide_1.12.0/stm32cubeide/plugins/com.st.stm32cube.ide.mcu.externaltools.gnu-tools-for-stm32.10.3-2021.10.win32_1.0.200.202301161003/tools/bin/../lib/gcc/arm-none-eabi/10.3.1/../../../../arm-none-eabi/lib/thumb/v7e-m+fp/hard\libc_nano.a(lib_a-impure.o)
                0x0000000008004df8                _global_impure_ptr
 .rodata.__sf_fake_stderr
                0x0000000008004dfc       0x20 c:/st/stm32cubeide_1.12.0/stm32cubeide/plugins/com.st.stm32cube.ide.mcu.externaltools.gnu-tools-for-stm32.10.3-2021.10.win32_1.0.200.202301161003/tools/bin/../lib/gcc/arm-none-eabi/10.3.1/../../../../arm-none-eabi/lib/thumb/v7e-m+fp/hard\libc_nano.a(lib_a-findfp.o)
                0x0000000008004dfc                __sf_fake_stderr
 .rodata.__sf_fake_stdin
                0x0000000008004e1c       0x20 c:/st/stm32cubeide_1.12.0/stm32cubeide/plugins/com.st.stm32cube.ide.mcu.externaltools.gnu-tools-for-stm32.10.3-2021.10.win32_1.0.200.202301161003/tools/bin/../lib/gcc/arm-none-eabi/10.3.1/../../../../arm-none-eabi/lib/thumb/v7e-m+fp/hard\libc_nano.a(lib_a-findfp.o)
                0x0000000008004e1c                __sf_fake_stdin
 .rodata.__sf_fake_stdout
                0x0000000008004e3c       0x20 c:/st/stm32cubeide_1.12.0/stm32cubeide/plugins/com.st.stm32cube.ide.mcu.externaltools.gnu-tools-for-stm32.10.3-2021.10.win32_1.0.200.202301161003/tools/bin/../lib/gcc/arm-none-eabi/10.3.1/../../../../arm-none-eabi/lib/thumb/v7e-m+fp/hard\libc_nano.a(lib_a-findfp.o)
                0x0000000008004e3c                __sf_fake_stdout
                0x0000000008004e5c                . = ALIGN (0x4)

.ARM.extab      0x0000000008004e5c        0x0
                0x0000000008004e5c                . = ALIGN (0x4)
 *(.ARM.extab* .gnu.linkonce.armextab.*)
                0x0000000008004e5c                . = ALIGN (0x4)

.ARM            0x0000000008004e5c        0x8
                0x0000000008004e5c                . = ALIGN (0x4)
                0x0000000008004e5c                __exidx_start = .
 *(.ARM.exidx*)
 .ARM.exidx     0x0000000008004e5c        0x8 c:/st/stm32cubeide_1.12.0/stm32cubeide/plugins/com.st.stm32cube.ide.mcu.externaltools.gnu-tools-for-stm32.10.3-2021.10.win32_1.0.200.202301161003/tools/bin/../lib/gcc/arm-none-eabi/10.3.1/thumb/v7e-m+fp/hard\libgcc.a(_udivmoddi4.o)
                0x0000000008004e64                __exidx_end = .
                0x0000000008004e64                . = ALIGN (0x4)

.rel.dyn        0x0000000008004e64        0x0
 .rel.iplt      0x0000000008004e64        0x0 c:/st/stm32cubeide_1.12.0/stm32cubeide/plugins/com.st.stm32cube.ide.mcu.externaltools.gnu-tools-for-stm32.10.3-2021.10.win32_1.0.200.202301161003/tools/bin/../lib/gcc/arm-none-eabi/10.3.1/thumb/v7e-m+fp/hard/crtbegin.o

.preinit_array  0x0000000008004e64        0x0
                0x0000000008004e64                . = ALIGN (0x4)
                0x0000000008004e64                PROVIDE (__preinit_array_start = .)
 *(.preinit_array*)
                0x0000000008004e64                PROVIDE (__preinit_array_end = .)
                0x0000000008004e64                . = ALIGN (0x4)

.init_array     0x0000000008004e64        0x4
                0x0000000008004e64                . = ALIGN (0x4)
                0x0000000008004e64                PROVIDE (__init_array_start = .)
 *(SORT_BY_NAME(.init_array.*))
 *(.init_array*)
 .init_array    0x0000000008004e64        0x4 c:/st/stm32cubeide_1.12.0/stm32cubeide/plugins/com.st.stm32cube.ide.mcu.externaltools.gnu-tools-for-stm32.10.3-2021.10.win32_1.0.200.202301161003/tools/bin/../lib/gcc/arm-none-eabi/10.3.1/thumb/v7e-m+fp/hard/crtbegin.o
                0x0000000008004e68                PROVIDE (__init_array_end = .)
                0x0000000008004e68                . = ALIGN (0x4)

.fini_array     0x0000000008004e68        0x4
                0x0000000008004e68                . = ALIGN (0x4)
                [!provide]                        PROVIDE (__fini_array_start = .)
 *(SORT_BY_NAME(.fini_array.*))
 *(.fini_array*)
 .fini_array    0x0000000008004e68        0x4 c:/st/stm32cubeide_1.12.0/stm32cubeide/plugins/com.st.stm32cube.ide.mcu.externaltools.gnu-tools-for-stm32.10.3-2021.10.win32_1.0.200.202301161003/tools/bin/../lib/gcc/arm-none-eabi/10.3.1/thumb/v7e-m+fp/hard/crtbegin.o
                [!provide]                        PROVIDE (__fini_array_end = .)
                0x0000000008004e6c                . = ALIGN (0x4)
                0x0000000008004e6c                _sidata = LOADADDR (.data)

.data           0x0000000020000000       0x78 load address 0x0000000008004e6c
                0x0000000020000000                . = ALIGN (0x4)
                0x0000000020000000                _sdata = .
 *(.data)
 *(.data*)
 .data.SystemCoreClock
                0x0000000020000000        0x4 ./Core/Src/system_stm32f4xx.o
                0x0000000020000000                SystemCoreClock
 .data.uwTickPrio
                0x0000000020000004        0x4 ./Drivers/STM32F4xx_HAL_Driver/Src/stm32f4xx_hal.o
                0x0000000020000004                uwTickPrio
 .data.uwTickFreq
                0x0000000020000008        0x1 ./Drivers/STM32F4xx_HAL_Driver/Src/stm32f4xx_hal.o
                0x0000000020000008                uwTickFreq
 *fill*         0x0000000020000009        0x3 
 .data.uxTopUsedPriority
                0x000000002000000c        0x4 ./ThirdParty/FreeRTOS/tasks.o
                0x000000002000000c                uxTopUsedPriority
 .data.uxCriticalNesting
                0x0000000020000010        0x4 ./ThirdParty/FreeRTOS/portable/GCC/ARM_CM4F/port.o
 .data._impure_ptr
                0x0000000020000014        0x4 c:/st/stm32cubeide_1.12.0/stm32cubeide/plugins/com.st.stm32cube.ide.mcu.externaltools.gnu-tools-for-stm32.10.3-2021.10.win32_1.0.200.202301161003/tools/bin/../lib/gcc/arm-none-eabi/10.3.1/../../../../arm-none-eabi/lib/thumb/v7e-m+fp/hard\libc_nano.a(lib_a-impure.o)
                0x0000000020000014                _impure_ptr
 .data.impure_data
                0x0000000020000018       0x60 c:/st/stm32cubeide_1.12.0/stm32cubeide/plugins/com.st.stm32cube.ide.mcu.externaltools.gnu-tools-for-stm32.10.3-2021.10.win32_1.0.200.202301161003/tools/bin/../lib/gcc/arm-none-eabi/10.3.1/../../../../arm-none-eabi/lib/thumb/v7e-m+fp/hard\libc_nano.a(lib_a-impure.o)
 *(.RamFunc)
 *(.RamFunc*)
                0x0000000020000078                . = ALIGN (0x4)
                0x0000000020000078                _edata = .
                0x0000000008004ee4                _siccmram = LOADADDR (.ccmram)

.igot.plt       0x0000000020000078        0x0 load address 0x0000000008004ee4
 .igot.plt      0x0000000020000078        0x0 c:/st/stm32cubeide_1.12.0/stm32cubeide/plugins/com.st.stm32cube.ide.mcu.externaltools.gnu-tools-for-stm32.10.3-2021.10.win32_1.0.200.202301161003/tools/bin/../lib/gcc/arm-none-eabi/10.3.1/thumb/v7e-m+fp/hard/crtbegin.o

.ccmram         0x0000000010000000        0x0 load address 0x0000000008004ee4
                0x0000000010000000                . = ALIGN (0x4)
                0x0000000010000000                _sccmram = .
 *(.ccmram)
 *(.ccmram*)
                0x0000000010000000                . = ALIGN (0x4)
                0x0000000010000000                _eccmram = .
                0x0000000010000000                . = ALIGN (0x4)

.bss            0x0000000020000078    0x12e20
                0x0000000020000078                _sbss = .
                0x0000000020000078                __bss_start__ = _sbss
 *(.bss)
 .bss           0x0000000020000078       0x1c c:/st/stm32cubeide_1.12.0/stm32cubeide/plugins/com.st.stm32cube.ide.mcu.externaltools.gnu-tools-for-stm32.10.3-2021.10.win32_1.0.200.202301161003/tools/bin/../lib/gcc/arm-none-eabi/10.3.1/thumb/v7e-m+fp/hard/crtbegin.o
 *(.bss*)
 .bss.htim6     0x0000000020000094       0x48 ./Core/Src/stm32f4xx_hal_timebase_tim.o
                0x0000000020000094                htim6
 .bss.uwTick    0x00000000200000dc        0x4 ./Drivers/STM32F4xx_HAL_Driver/Src/stm32f4xx_hal.o
                0x00000000200000dc                uwTick
 .bss.xQueueRegistry
                0x00000000200000e0       0x40 ./ThirdParty/FreeRTOS/queue.o
                0x00000000200000e0                xQueueRegistry
 .bss.pxCurrentTCB
                0x0000000020000120        0x4 ./ThirdParty/FreeRTOS/tasks.o
                0x0000000020000120                pxCurrentTCB
 .bss.pxReadyTasksLists
                0x0000000020000124       0x64 ./ThirdParty/FreeRTOS/tasks.o
 .bss.xDelayedTaskList1
                0x0000000020000188       0x14 ./ThirdParty/FreeRTOS/tasks.o
 .bss.xDelayedTaskList2
                0x000000002000019c       0x14 ./ThirdParty/FreeRTOS/tasks.o
 .bss.pxDelayedTaskList
                0x00000000200001b0        0x4 ./ThirdParty/FreeRTOS/tasks.o
 .bss.pxOverflowDelayedTaskList
                0x00000000200001b4        0x4 ./ThirdParty/FreeRTOS/tasks.o
 .bss.xPendingReadyList
                0x00000000200001b8       0x14 ./ThirdParty/FreeRTOS/tasks.o
 .bss.xTasksWaitingTermination
                0x00000000200001cc       0x14 ./ThirdParty/FreeRTOS/tasks.o
 .bss.uxDeletedTasksWaitingCleanUp
                0x00000000200001e0        0x4 ./ThirdParty/FreeRTOS/tasks.o
 .bss.xSuspendedTaskList
                0x00000000200001e4       0x14 ./ThirdParty/FreeRTOS/tasks.o
 .bss.uxCurrentNumberOfTasks
                0x00000000200001f8        0x4 ./ThirdParty/FreeRTOS/tasks.o
 .bss.xTickCount
                0x00000000200001fc        0x4 ./ThirdParty/FreeRTOS/tasks.o
 .bss.uxTopReadyPriority
                0x0000000020000200        0x4 ./ThirdParty/FreeRTOS/tasks.o
 .bss.xSchedulerRunning
                0x0000000020000204        0x4 ./ThirdParty/FreeRTOS/tasks.o
 .bss.xPendedTicks
                0x0000000020000208        0x4 ./ThirdParty/FreeRTOS/tasks.o
 .bss.xYieldPending
                0x000000002000020c        0x4 ./ThirdParty/FreeRTOS/tasks.o
 .bss.xNumOfOverflows
                0x0000000020000210        0x4 ./ThirdParty/FreeRTOS/tasks.o
 .bss.uxTaskNumber
                0x0000000020000214        0x4 ./ThirdParty/FreeRTOS/tasks.o
 .bss.xNextTaskUnblockTime
                0x0000000020000218        0x4 ./ThirdParty/FreeRTOS/tasks.o
 .bss.xIdleTaskHandle
                0x000000002000021c        0x4 ./ThirdParty/FreeRTOS/tasks.o
 .bss.uxSchedulerSuspended
                0x0000000020000220        0x4 ./ThirdParty/FreeRTOS/tasks.o
 .bss.xActiveTimerList1
                0x0000000020000224       0x14 ./ThirdParty/FreeRTOS/timers.o
 .bss.xActiveTimerList2
                0x0000000020000238       0x14 ./ThirdParty/FreeRTOS/timers.o
 .bss.pxCurrentTimerList
                0x000000002000024c        0x4 ./ThirdParty/FreeRTOS/timers.o
 .bss.pxOverflowTimerList
                0x0000000020000250        0x4 ./ThirdParty/FreeRTOS/timers.o
 .bss.xTimerQueue
                0x0000000020000254        0x4 ./ThirdParty/FreeRTOS/timers.o
 .bss.xTimerTaskHandle
                0x0000000020000258        0x4 ./ThirdParty/FreeRTOS/timers.o
 .bss.xLastTime.0
                0x000000002000025c        0x4 ./ThirdParty/FreeRTOS/timers.o
 .bss.ucMaxSysCallPriority
                0x0000000020000260        0x1 ./ThirdParty/FreeRTOS/portable/GCC/ARM_CM4F/port.o
 *fill*         0x0000000020000261        0x3 
 .bss.ulMaxPRIGROUPValue
                0x0000000020000264        0x4 ./ThirdParty/FreeRTOS/portable/GCC/ARM_CM4F/port.o
 .bss.ucHeap    0x0000000020000268    0x12c00 ./ThirdParty/FreeRTOS/portable/MemMang/heap_4.o
 .bss.xStart    0x0000000020012e68        0x8 ./ThirdParty/FreeRTOS/portable/MemMang/heap_4.o
 .bss.pxEnd     0x0000000020012e70        0x4 ./ThirdParty/FreeRTOS/portable/MemMang/heap_4.o
 .bss.xFreeBytesRemaining
                0x0000000020012e74        0x4 ./ThirdParty/FreeRTOS/portable/MemMang/heap_4.o
 .bss.xMinimumEverFreeBytesRemaining
                0x0000000020012e78        0x4 ./ThirdParty/FreeRTOS/portable/MemMang/heap_4.o
 .bss.xNumberOfSuccessfulAllocations
                0x0000000020012e7c        0x4 ./ThirdParty/FreeRTOS/portable/MemMang/heap_4.o
 .bss.xNumberOfSuccessfulFrees
                0x0000000020012e80        0x4 ./ThirdParty/FreeRTOS/portable/MemMang/heap_4.o
 .bss.__lock___malloc_recursive_mutex
                0x0000000020012e84        0x1 c:/st/stm32cubeide_1.12.0/stm32cubeide/plugins/com.st.stm32cube.ide.mcu.externaltools.gnu-tools-for-stm32.10.3-2021.10.win32_1.0.200.202301161003/tools/bin/../lib/gcc/arm-none-eabi/10.3.1/../../../../arm-none-eabi/lib/thumb/v7e-m+fp/hard\libc_nano.a(lib_a-lock.o)
                0x0000000020012e84                __lock___malloc_recursive_mutex
 .bss.__lock___sfp_recursive_mutex
                0x0000000020012e85        0x1 c:/st/stm32cubeide_1.12.0/stm32cubeide/plugins/com.st.stm32cube.ide.mcu.externaltools.gnu-tools-for-stm32.10.3-2021.10.win32_1.0.200.202301161003/tools/bin/../lib/gcc/arm-none-eabi/10.3.1/../../../../arm-none-eabi/lib/thumb/v7e-m+fp/hard\libc_nano.a(lib_a-lock.o)
                0x0000000020012e85                __lock___sfp_recursive_mutex
 .bss.__lock___sinit_recursive_mutex
                0x0000000020012e86        0x1 c:/st/stm32cubeide_1.12.0/stm32cubeide/plugins/com.st.stm32cube.ide.mcu.externaltools.gnu-tools-for-stm32.10.3-2021.10.win32_1.0.200.202301161003/tools/bin/../lib/gcc/arm-none-eabi/10.3.1/../../../../arm-none-eabi/lib/thumb/v7e-m+fp/hard\libc_nano.a(lib_a-lock.o)
                0x0000000020012e86                __lock___sinit_recursive_mutex
 *fill*         0x0000000020012e87        0x1 
 .bss.__malloc_free_list
                0x0000000020012e88        0x4 c:/st/stm32cubeide_1.12.0/stm32cubeide/plugins/com.st.stm32cube.ide.mcu.externaltools.gnu-tools-for-stm32.10.3-2021.10.win32_1.0.200.202301161003/tools/bin/../lib/gcc/arm-none-eabi/10.3.1/../../../../arm-none-eabi/lib/thumb/v7e-m+fp/hard\libc_nano.a(lib_a-nano-mallocr.o)
                0x0000000020012e88                __malloc_free_list
 .bss.__malloc_sbrk_start
                0x0000000020012e8c        0x4 c:/st/stm32cubeide_1.12.0/stm32cubeide/plugins/com.st.stm32cube.ide.mcu.externaltools.gnu-tools-for-stm32.10.3-2021.10.win32_1.0.200.202301161003/tools/bin/../lib/gcc/arm-none-eabi/10.3.1/../../../../arm-none-eabi/lib/thumb/v7e-m+fp/hard\libc_nano.a(lib_a-nano-mallocr.o)
                0x0000000020012e8c                __malloc_sbrk_start
 .bss.errno     0x0000000020012e90        0x4 c:/st/stm32cubeide_1.12.0/stm32cubeide/plugins/com.st.stm32cube.ide.mcu.externaltools.gnu-tools-for-stm32.10.3-2021.10.win32_1.0.200.202301161003/tools/bin/../lib/gcc/arm-none-eabi/10.3.1/../../../../arm-none-eabi/lib/thumb/v7e-m+fp/hard\libc_nano.a(lib_a-reent.o)
                0x0000000020012e90                errno
 .bss.heap_end.0
                0x0000000020012e94        0x4 c:/st/stm32cubeide_1.12.0/stm32cubeide/plugins/com.st.stm32cube.ide.mcu.externaltools.gnu-tools-for-stm32.10.3-2021.10.win32_1.0.200.202301161003/tools/bin/../lib/gcc/arm-none-eabi/10.3.1/../../../../arm-none-eabi/lib/thumb/v7e-m+fp/hard\libnosys.a(sbrk.o)
 *(COMMON)
                0x0000000020012e98                . = ALIGN (0x4)
                0x0000000020012e98                _ebss = .
                0x0000000020012e98                __bss_end__ = _ebss

._user_heap_stack
                0x0000000020012e98      0x600
                0x0000000020012e98                . = ALIGN (0x8)
                0x0000000020012e98                PROVIDE (end = .)
                [!provide]                        PROVIDE (_end = .)
                0x0000000020013098                . = (. + _Min_Heap_Size)
 *fill*         0x0000000020012e98      0x200 
                0x0000000020013498                . = (. + _Min_Stack_Size)
 *fill*         0x0000000020013098      0x400 
                0x0000000020013498                . = ALIGN (0x8)

/DISCARD/
 libc.a(*)
 libm.a(*)
 libgcc.a(*)

.ARM.attributes
                0x0000000000000000       0x30
 *(.ARM.attributes)
 .ARM.attributes
                0x0000000000000000       0x1e c:/st/stm32cubeide_1.12.0/stm32cubeide/plugins/com.st.stm32cube.ide.mcu.externaltools.gnu-tools-for-stm32.10.3-2021.10.win32_1.0.200.202301161003/tools/bin/../lib/gcc/arm-none-eabi/10.3.1/thumb/v7e-m+fp/hard/crti.o
 .ARM.attributes
                0x000000000000001e       0x34 c:/st/stm32cubeide_1.12.0/stm32cubeide/plugins/com.st.stm32cube.ide.mcu.externaltools.gnu-tools-for-stm32.10.3-2021.10.win32_1.0.200.202301161003/tools/bin/../lib/gcc/arm-none-eabi/10.3.1/thumb/v7e-m+fp/hard/crtbegin.o
 .ARM.attributes
                0x0000000000000052       0x34 ./Core/Src/main.o
 .ARM.attributes
                0x0000000000000086       0x34 ./Core/Src/stm32f4xx_hal_msp.o
 .ARM.attributes
                0x00000000000000ba       0x34 ./Core/Src/stm32f4xx_hal_timebase_tim.o
 .ARM.attributes
                0x00000000000000ee       0x34 ./Core/Src/stm32f4xx_it.o
 .ARM.attributes
                0x0000000000000122       0x34 ./Core/Src/syscalls.o
 .ARM.attributes
                0x0000000000000156       0x34 ./Core/Src/system_stm32f4xx.o
 .ARM.attributes
                0x000000000000018a       0x21 ./Core/Startup/startup_stm32f407vgtx.o
 .ARM.attributes
                0x00000000000001ab       0x34 ./Drivers/STM32F4xx_HAL_Driver/Src/stm32f4xx_hal.o
 .ARM.attributes
                0x00000000000001df       0x34 ./Drivers/STM32F4xx_HAL_Driver/Src/stm32f4xx_hal_cortex.o
 .ARM.attributes
                0x0000000000000213       0x34 ./Drivers/STM32F4xx_HAL_Driver/Src/stm32f4xx_hal_gpio.o
 .ARM.attributes
                0x0000000000000247       0x34 ./Drivers/STM32F4xx_HAL_Driver/Src/stm32f4xx_hal_rcc.o
 .ARM.attributes
                0x000000000000027b       0x34 ./Drivers/STM32F4xx_HAL_Driver/Src/stm32f4xx_hal_tim.o
 .ARM.attributes
                0x00000000000002af       0x34 ./Drivers/STM32F4xx_HAL_Driver/Src/stm32f4xx_hal_tim_ex.o
 .ARM.attributes
                0x00000000000002e3       0x34 ./ThirdParty/FreeRTOS/list.o
 .ARM.attributes
                0x0000000000000317       0x34 ./ThirdParty/FreeRTOS/queue.o
 .ARM.attributes
                0x000000000000034b       0x34 ./ThirdParty/FreeRTOS/tasks.o
 .ARM.attributes
                0x000000000000037f       0x34 ./ThirdParty/FreeRTOS/timers.o
 .ARM.attributes
                0x00000000000003b3       0x34 ./ThirdParty/FreeRTOS/portable/GCC/ARM_CM4F/port.o
 .ARM.attributes
                0x00000000000003e7       0x34 ./ThirdParty/FreeRTOS/portable/MemMang/heap_4.o
 .ARM.attributes
                0x000000000000041b       0x34 c:/st/stm32cubeide_1.12.0/stm32cubeide/plugins/com.st.stm32cube.ide.mcu.externaltools.gnu-tools-for-stm32.10.3-2021.10.win32_1.0.200.202301161003/tools/bin/../lib/gcc/arm-none-eabi/10.3.1/../../../../arm-none-eabi/lib/thumb/v7e-m+fp/hard\libc_nano.a(lib_a-impure.o)
 .ARM.attributes
                0x000000000000044f       0x34 c:/st/stm32cubeide_1.12.0/stm32cubeide/plugins/com.st.stm32cube.ide.mcu.externaltools.gnu-tools-for-stm32.10.3-2021.10.win32_1.0.200.202301161003/tools/bin/../lib/gcc/arm-none-eabi/10.3.1/../../../../arm-none-eabi/lib/thumb/v7e-m+fp/hard\libc_nano.a(lib_a-init.o)
 .ARM.attributes
                0x0000000000000483       0x34 c:/st/stm32cubeide_1.12.0/stm32cubeide/plugins/com.st.stm32cube.ide.mcu.externaltools.gnu-tools-for-stm32.10.3-2021.10.win32_1.0.200.202301161003/tools/bin/../lib/gcc/arm-none-eabi/10.3.1/../../../../arm-none-eabi/lib/thumb/v7e-m+fp/hard\libc_nano.a(lib_a-memcpy-stub.o)
 .ARM.attributes
                0x00000000000004b7       0x34 c:/st/stm32cubeide_1.12.0/stm32cubeide/plugins/com.st.stm32cube.ide.mcu.externaltools.gnu-tools-for-stm32.10.3-2021.10.win32_1.0.200.202301161003/tools/bin/../lib/gcc/arm-none-eabi/10.3.1/../../../../arm-none-eabi/lib/thumb/v7e-m+fp/hard\libc_nano.a(lib_a-memset.o)
 .ARM.attributes
                0x00000000000004eb       0x34 c:/st/stm32cubeide_1.12.0/stm32cubeide/plugins/com.st.stm32cube.ide.mcu.externaltools.gnu-tools-for-stm32.10.3-2021.10.win32_1.0.200.202301161003/tools/bin/../lib/gcc/arm-none-eabi/10.3.1/../../../../arm-none-eabi/lib/thumb/v7e-m+fp/hard\libc_nano.a(lib_a-puts.o)
 .ARM.attributes
                0x000000000000051f       0x34 c:/st/stm32cubeide_1.12.0/stm32cubeide/plugins/com.st.stm32cube.ide.mcu.externaltools.gnu-tools-for-stm32.10.3-2021.10.win32_1.0.200.202301161003/tools/bin/../lib/gcc/arm-none-eabi/10.3.1/../../../../arm-none-eabi/lib/thumb/v7e-m+fp/hard\libc_nano.a(lib_a-wbuf.o)
 .ARM.attributes
                0x0000000000000553       0x34 c:/st/stm32cubeide_1.12.0/stm32cubeide/plugins/com.st.stm32cube.ide.mcu.externaltools.gnu-tools-for-stm32.10.3-2021.10.win32_1.0.200.202301161003/tools/bin/../lib/gcc/arm-none-eabi/10.3.1/../../../../arm-none-eabi/lib/thumb/v7e-m+fp/hard\libc_nano.a(lib_a-wsetup.o)
 .ARM.attributes
                0x0000000000000587       0x34 c:/st/stm32cubeide_1.12.0/stm32cubeide/plugins/com.st.stm32cube.ide.mcu.externaltools.gnu-tools-for-stm32.10.3-2021.10.win32_1.0.200.202301161003/tools/bin/../lib/gcc/arm-none-eabi/10.3.1/../../../../arm-none-eabi/lib/thumb/v7e-m+fp/hard\libc_nano.a(lib_a-fflush.o)
 .ARM.attributes
                0x00000000000005bb       0x34 c:/st/stm32cubeide_1.12.0/stm32cubeide/plugins/com.st.stm32cube.ide.mcu.externaltools.gnu-tools-for-stm32.10.3-2021.10.win32_1.0.200.202301161003/tools/bin/../lib/gcc/arm-none-eabi/10.3.1/../../../../arm-none-eabi/lib/thumb/v7e-m+fp/hard\libc_nano.a(lib_a-findfp.o)
 .ARM.attributes
                0x00000000000005ef       0x34 c:/st/stm32cubeide_1.12.0/stm32cubeide/plugins/com.st.stm32cube.ide.mcu.externaltools.gnu-tools-for-stm32.10.3-2021.10.win32_1.0.200.202301161003/tools/bin/../lib/gcc/arm-none-eabi/10.3.1/../../../../arm-none-eabi/lib/thumb/v7e-m+fp/hard\libc_nano.a(lib_a-fwalk.o)
 .ARM.attributes
                0x0000000000000623       0x34 c:/st/stm32cubeide_1.12.0/stm32cubeide/plugins/com.st.stm32cube.ide.mcu.externaltools.gnu-tools-for-stm32.10.3-2021.10.win32_1.0.200.202301161003/tools/bin/../lib/gcc/arm-none-eabi/10.3.1/../../../../arm-none-eabi/lib/thumb/v7e-m+fp/hard\libc_nano.a(lib_a-lock.o)
 .ARM.attributes
                0x0000000000000657       0x34 c:/st/stm32cubeide_1.12.0/stm32cubeide/plugins/com.st.stm32cube.ide.mcu.externaltools.gnu-tools-for-stm32.10.3-2021.10.win32_1.0.200.202301161003/tools/bin/../lib/gcc/arm-none-eabi/10.3.1/../../../../arm-none-eabi/lib/thumb/v7e-m+fp/hard\libc_nano.a(lib_a-makebuf.o)
 .ARM.attributes
                0x000000000000068b       0x34 c:/st/stm32cubeide_1.12.0/stm32cubeide/plugins/com.st.stm32cube.ide.mcu.externaltools.gnu-tools-for-stm32.10.3-2021.10.win32_1.0.200.202301161003/tools/bin/../lib/gcc/arm-none-eabi/10.3.1/../../../../arm-none-eabi/lib/thumb/v7e-m+fp/hard\libc_nano.a(lib_a-nano-freer.o)
 .ARM.attributes
                0x00000000000006bf       0x34 c:/st/stm32cubeide_1.12.0/stm32cubeide/plugins/com.st.stm32cube.ide.mcu.externaltools.gnu-tools-for-stm32.10.3-2021.10.win32_1.0.200.202301161003/tools/bin/../lib/gcc/arm-none-eabi/10.3.1/../../../../arm-none-eabi/lib/thumb/v7e-m+fp/hard\libc_nano.a(lib_a-nano-mallocr.o)
 .ARM.attributes
                0x00000000000006f3       0x34 c:/st/stm32cubeide_1.12.0/stm32cubeide/plugins/com.st.stm32cube.ide.mcu.externaltools.gnu-tools-for-stm32.10.3-2021.10.win32_1.0.200.202301161003/tools/bin/../lib/gcc/arm-none-eabi/10.3.1/../../../../arm-none-eabi/lib/thumb/v7e-m+fp/hard\libc_nano.a(lib_a-sbrkr.o)
 .ARM.attributes
                0x0000000000000727       0x34 c:/st/stm32cubeide_1.12.0/stm32cubeide/plugins/com.st.stm32cube.ide.mcu.externaltools.gnu-tools-for-stm32.10.3-2021.10.win32_1.0.200.202301161003/tools/bin/../lib/gcc/arm-none-eabi/10.3.1/../../../../arm-none-eabi/lib/thumb/v7e-m+fp/hard\libc_nano.a(lib_a-stdio.o)
 .ARM.attributes
                0x000000000000075b       0x34 c:/st/stm32cubeide_1.12.0/stm32cubeide/plugins/com.st.stm32cube.ide.mcu.externaltools.gnu-tools-for-stm32.10.3-2021.10.win32_1.0.200.202301161003/tools/bin/../lib/gcc/arm-none-eabi/10.3.1/../../../../arm-none-eabi/lib/thumb/v7e-m+fp/hard\libc_nano.a(lib_a-writer.o)
 .ARM.attributes
                0x000000000000078f       0x34 c:/st/stm32cubeide_1.12.0/stm32cubeide/plugins/com.st.stm32cube.ide.mcu.externaltools.gnu-tools-for-stm32.10.3-2021.10.win32_1.0.200.202301161003/tools/bin/../lib/gcc/arm-none-eabi/10.3.1/../../../../arm-none-eabi/lib/thumb/v7e-m+fp/hard\libc_nano.a(lib_a-closer.o)
 .ARM.attributes
                0x00000000000007c3       0x34 c:/st/stm32cubeide_1.12.0/stm32cubeide/plugins/com.st.stm32cube.ide.mcu.externaltools.gnu-tools-for-stm32.10.3-2021.10.win32_1.0.200.202301161003/tools/bin/../lib/gcc/arm-none-eabi/10.3.1/../../../../arm-none-eabi/lib/thumb/v7e-m+fp/hard\libc_nano.a(lib_a-fstatr.o)
 .ARM.attributes
                0x00000000000007f7       0x34 c:/st/stm32cubeide_1.12.0/stm32cubeide/plugins/com.st.stm32cube.ide.mcu.externaltools.gnu-tools-for-stm32.10.3-2021.10.win32_1.0.200.202301161003/tools/bin/../lib/gcc/arm-none-eabi/10.3.1/../../../../arm-none-eabi/lib/thumb/v7e-m+fp/hard\libc_nano.a(lib_a-isattyr.o)
 .ARM.attributes
                0x000000000000082b       0x34 c:/st/stm32cubeide_1.12.0/stm32cubeide/plugins/com.st.stm32cube.ide.mcu.externaltools.gnu-tools-for-stm32.10.3-2021.10.win32_1.0.200.202301161003/tools/bin/../lib/gcc/arm-none-eabi/10.3.1/../../../../arm-none-eabi/lib/thumb/v7e-m+fp/hard\libc_nano.a(lib_a-lseekr.o)
 .ARM.attributes
                0x000000000000085f       0x34 c:/st/stm32cubeide_1.12.0/stm32cubeide/plugins/com.st.stm32cube.ide.mcu.externaltools.gnu-tools-for-stm32.10.3-2021.10.win32_1.0.200.202301161003/tools/bin/../lib/gcc/arm-none-eabi/10.3.1/../../../../arm-none-eabi/lib/thumb/v7e-m+fp/hard\libc_nano.a(lib_a-mlock.o)
 .ARM.attributes
                0x0000000000000893       0x34 c:/st/stm32cubeide_1.12.0/stm32cubeide/plugins/com.st.stm32cube.ide.mcu.externaltools.gnu-tools-for-stm32.10.3-2021.10.win32_1.0.200.202301161003/tools/bin/../lib/gcc/arm-none-eabi/10.3.1/../../../../arm-none-eabi/lib/thumb/v7e-m+fp/hard\libc_nano.a(lib_a-readr.o)
 .ARM.attributes
                0x00000000000008c7       0x34 c:/st/stm32cubeide_1.12.0/stm32cubeide/plugins/com.st.stm32cube.ide.mcu.externaltools.gnu-tools-for-stm32.10.3-2021.10.win32_1.0.200.202301161003/tools/bin/../lib/gcc/arm-none-eabi/10.3.1/../../../../arm-none-eabi/lib/thumb/v7e-m+fp/hard\libc_nano.a(lib_a-reent.o)
 .ARM.attributes
                0x00000000000008fb       0x1e c:/st/stm32cubeide_1.12.0/stm32cubeide/plugins/com.st.stm32cube.ide.mcu.externaltools.gnu-tools-for-stm32.10.3-2021.10.win32_1.0.200.202301161003/tools/bin/../lib/gcc/arm-none-eabi/10.3.1/thumb/v7e-m+fp/hard\libgcc.a(_aeabi_uldivmod.o)
 .ARM.attributes
                0x0000000000000919       0x34 c:/st/stm32cubeide_1.12.0/stm32cubeide/plugins/com.st.stm32cube.ide.mcu.externaltools.gnu-tools-for-stm32.10.3-2021.10.win32_1.0.200.202301161003/tools/bin/../lib/gcc/arm-none-eabi/10.3.1/thumb/v7e-m+fp/hard\libgcc.a(_udivmoddi4.o)
 .ARM.attributes
                0x000000000000094d       0x1e c:/st/stm32cubeide_1.12.0/stm32cubeide/plugins/com.st.stm32cube.ide.mcu.externaltools.gnu-tools-for-stm32.10.3-2021.10.win32_1.0.200.202301161003/tools/bin/../lib/gcc/arm-none-eabi/10.3.1/thumb/v7e-m+fp/hard\libgcc.a(_dvmd_tls.o)
 .ARM.attributes
                0x000000000000096b       0x34 c:/st/stm32cubeide_1.12.0/stm32cubeide/plugins/com.st.stm32cube.ide.mcu.externaltools.gnu-tools-for-stm32.10.3-2021.10.win32_1.0.200.202301161003/tools/bin/../lib/gcc/arm-none-eabi/10.3.1/../../../../arm-none-eabi/lib/thumb/v7e-m+fp/hard\libnosys.a(sbrk.o)
 .ARM.attributes
                0x000000000000099f       0x1e c:/st/stm32cubeide_1.12.0/stm32cubeide/plugins/com.st.stm32cube.ide.mcu.externaltools.gnu-tools-for-stm32.10.3-2021.10.win32_1.0.200.202301161003/tools/bin/../lib/gcc/arm-none-eabi/10.3.1/thumb/v7e-m+fp/hard/crtn.o
OUTPUT(001Tasks.elf elf32-littlearm)
LOAD linker stubs
LOAD c:/st/stm32cubeide_1.12.0/stm32cubeide/plugins/com.st.stm32cube.ide.mcu.externaltools.gnu-tools-for-stm32.10.3-2021.10.win32_1.0.200.202301161003/tools/bin/../lib/gcc/arm-none-eabi/10.3.1/../../../../arm-none-eabi/lib/thumb/v7e-m+fp/hard\libc.a
LOAD c:/st/stm32cubeide_1.12.0/stm32cubeide/plugins/com.st.stm32cube.ide.mcu.externaltools.gnu-tools-for-stm32.10.3-2021.10.win32_1.0.200.202301161003/tools/bin/../lib/gcc/arm-none-eabi/10.3.1/../../../../arm-none-eabi/lib/thumb/v7e-m+fp/hard\libm.a
LOAD c:/st/stm32cubeide_1.12.0/stm32cubeide/plugins/com.st.stm32cube.ide.mcu.externaltools.gnu-tools-for-stm32.10.3-2021.10.win32_1.0.200.202301161003/tools/bin/../lib/gcc/arm-none-eabi/10.3.1/thumb/v7e-m+fp/hard\libgcc.a

.debug_info     0x0000000000000000     0xf60d
 .debug_info    0x0000000000000000      0xed4 ./Core/Src/main.o
 .debug_info    0x0000000000000ed4      0x2a8 ./Core/Src/stm32f4xx_hal_msp.o
 .debug_info    0x000000000000117c      0xc4b ./Core/Src/stm32f4xx_hal_timebase_tim.o
 .debug_info    0x0000000000001dc7      0x6f8 ./Core/Src/stm32f4xx_it.o
 .debug_info    0x00000000000024bf      0x70f ./Core/Src/syscalls.o
 .debug_info    0x0000000000002bce      0x523 ./Core/Src/system_stm32f4xx.o
 .debug_info    0x00000000000030f1       0x22 ./Core/Startup/startup_stm32f407vgtx.o
 .debug_info    0x0000000000003113      0x97c ./Drivers/STM32F4xx_HAL_Driver/Src/stm32f4xx_hal.o
 .debug_info    0x0000000000003a8f      0xe1b ./Drivers/STM32F4xx_HAL_Driver/Src/stm32f4xx_hal_cortex.o
 .debug_info    0x00000000000048aa      0x76a ./Drivers/STM32F4xx_HAL_Driver/Src/stm32f4xx_hal_gpio.o
 .debug_info    0x0000000000005014      0x966 ./Drivers/STM32F4xx_HAL_Driver/Src/stm32f4xx_hal_rcc.o
 .debug_info    0x000000000000597a     0x2bbe ./Drivers/STM32F4xx_HAL_Driver/Src/stm32f4xx_hal_tim.o
 .debug_info    0x0000000000008538     0x15e0 ./Drivers/STM32F4xx_HAL_Driver/Src/stm32f4xx_hal_tim_ex.o
 .debug_info    0x0000000000009b18      0x2d1 ./ThirdParty/FreeRTOS/list.o
 .debug_info    0x0000000000009de9     0x196b ./ThirdParty/FreeRTOS/queue.o
 .debug_info    0x000000000000b754     0x25ab ./ThirdParty/FreeRTOS/tasks.o
 .debug_info    0x000000000000dcff      0xeaf ./ThirdParty/FreeRTOS/timers.o
 .debug_info    0x000000000000ebae      0x507 ./ThirdParty/FreeRTOS/portable/GCC/ARM_CM4F/port.o
 .debug_info    0x000000000000f0b5      0x558 ./ThirdParty/FreeRTOS/portable/MemMang/heap_4.o

.debug_abbrev   0x0000000000000000     0x271b
 .debug_abbrev  0x0000000000000000      0x2ea ./Core/Src/main.o
 .debug_abbrev  0x00000000000002ea       0xd4 ./Core/Src/stm32f4xx_hal_msp.o
 .debug_abbrev  0x00000000000003be      0x1e6 ./Core/Src/stm32f4xx_hal_timebase_tim.o
 .debug_abbrev  0x00000000000005a4      0x171 ./Core/Src/stm32f4xx_it.o
 .debug_abbrev  0x0000000000000715      0x1af ./Core/Src/syscalls.o
 .debug_abbrev  0x00000000000008c4      0x116 ./Core/Src/system_stm32f4xx.o
 .debug_abbrev  0x00000000000009da       0x12 ./Core/Startup/startup_stm32f407vgtx.o
 .debug_abbrev  0x00000000000009ec      0x20d ./Drivers/STM32F4xx_HAL_Driver/Src/stm32f4xx_hal.o
 .debug_abbrev  0x0000000000000bf9      0x316 ./Drivers/STM32F4xx_HAL_Driver/Src/stm32f4xx_hal_cortex.o
 .debug_abbrev  0x0000000000000f0f      0x1c4 ./Drivers/STM32F4xx_HAL_Driver/Src/stm32f4xx_hal_gpio.o
 .debug_abbrev  0x00000000000010d3      0x2aa ./Drivers/STM32F4xx_HAL_Driver/Src/stm32f4xx_hal_rcc.o
 .debug_abbrev  0x000000000000137d      0x25d ./Drivers/STM32F4xx_HAL_Driver/Src/stm32f4xx_hal_tim.o
 .debug_abbrev  0x00000000000015da      0x265 ./Drivers/STM32F4xx_HAL_Driver/Src/stm32f4xx_hal_tim_ex.o
 .debug_abbrev  0x000000000000183f       0xf2 ./ThirdParty/FreeRTOS/list.o
 .debug_abbrev  0x0000000000001931      0x312 ./ThirdParty/FreeRTOS/queue.o
 .debug_abbrev  0x0000000000001c43      0x36c ./ThirdParty/FreeRTOS/tasks.o
 .debug_abbrev  0x0000000000001faf      0x2c5 ./ThirdParty/FreeRTOS/timers.o
 .debug_abbrev  0x0000000000002274      0x259 ./ThirdParty/FreeRTOS/portable/GCC/ARM_CM4F/port.o
 .debug_abbrev  0x00000000000024cd      0x24e ./ThirdParty/FreeRTOS/portable/MemMang/heap_4.o

.debug_aranges  0x0000000000000000      0xf40
 .debug_aranges
                0x0000000000000000       0x50 ./Core/Src/main.o
 .debug_aranges
                0x0000000000000050       0x20 ./Core/Src/stm32f4xx_hal_msp.o
 .debug_aranges
                0x0000000000000070       0x30 ./Core/Src/stm32f4xx_hal_timebase_tim.o
 .debug_aranges
                0x00000000000000a0       0x50 ./Core/Src/stm32f4xx_it.o
 .debug_aranges
                0x00000000000000f0       0xb0 ./Core/Src/syscalls.o
 .debug_aranges
                0x00000000000001a0       0x28 ./Core/Src/system_stm32f4xx.o
 .debug_aranges
                0x00000000000001c8       0x28 ./Core/Startup/startup_stm32f407vgtx.o
 .debug_aranges
                0x00000000000001f0       0xf0 ./Drivers/STM32F4xx_HAL_Driver/Src/stm32f4xx_hal.o
 .debug_aranges
                0x00000000000002e0      0x118 ./Drivers/STM32F4xx_HAL_Driver/Src/stm32f4xx_hal_cortex.o
 .debug_aranges
                0x00000000000003f8       0x58 ./Drivers/STM32F4xx_HAL_Driver/Src/stm32f4xx_hal_gpio.o
 .debug_aranges
                0x0000000000000450       0x88 ./Drivers/STM32F4xx_HAL_Driver/Src/stm32f4xx_hal_rcc.o
 .debug_aranges
                0x00000000000004d8      0x3d0 ./Drivers/STM32F4xx_HAL_Driver/Src/stm32f4xx_hal_tim.o
 .debug_aranges
                0x00000000000008a8      0x168 ./Drivers/STM32F4xx_HAL_Driver/Src/stm32f4xx_hal_tim_ex.o
 .debug_aranges
                0x0000000000000a10       0x40 ./ThirdParty/FreeRTOS/list.o
 .debug_aranges
                0x0000000000000a50      0x130 ./ThirdParty/FreeRTOS/queue.o
 .debug_aranges
                0x0000000000000b80      0x1f8 ./ThirdParty/FreeRTOS/tasks.o
 .debug_aranges
                0x0000000000000d78       0xe8 ./ThirdParty/FreeRTOS/timers.o
 .debug_aranges
                0x0000000000000e60       0x80 ./ThirdParty/FreeRTOS/portable/GCC/ARM_CM4F/port.o
 .debug_aranges
                0x0000000000000ee0       0x60 ./ThirdParty/FreeRTOS/portable/MemMang/heap_4.o

.debug_ranges   0x0000000000000000      0xe18
 .debug_ranges  0x0000000000000000       0x40 ./Core/Src/main.o
 .debug_ranges  0x0000000000000040       0x10 ./Core/Src/stm32f4xx_hal_msp.o
 .debug_ranges  0x0000000000000050       0x20 ./Core/Src/stm32f4xx_hal_timebase_tim.o
 .debug_ranges  0x0000000000000070       0x40 ./Core/Src/stm32f4xx_it.o
 .debug_ranges  0x00000000000000b0       0xa0 ./Core/Src/syscalls.o
 .debug_ranges  0x0000000000000150       0x18 ./Core/Src/system_stm32f4xx.o
 .debug_ranges  0x0000000000000168       0x20 ./Core/Startup/startup_stm32f407vgtx.o
 .debug_ranges  0x0000000000000188       0xe0 ./Drivers/STM32F4xx_HAL_Driver/Src/stm32f4xx_hal.o
 .debug_ranges  0x0000000000000268      0x108 ./Drivers/STM32F4xx_HAL_Driver/Src/stm32f4xx_hal_cortex.o
 .debug_ranges  0x0000000000000370       0x48 ./Drivers/STM32F4xx_HAL_Driver/Src/stm32f4xx_hal_gpio.o
 .debug_ranges  0x00000000000003b8       0x78 ./Drivers/STM32F4xx_HAL_Driver/Src/stm32f4xx_hal_rcc.o
 .debug_ranges  0x0000000000000430      0x3c0 ./Drivers/STM32F4xx_HAL_Driver/Src/stm32f4xx_hal_tim.o
 .debug_ranges  0x00000000000007f0      0x158 ./Drivers/STM32F4xx_HAL_Driver/Src/stm32f4xx_hal_tim_ex.o
 .debug_ranges  0x0000000000000948       0x30 ./ThirdParty/FreeRTOS/list.o
 .debug_ranges  0x0000000000000978      0x120 ./ThirdParty/FreeRTOS/queue.o
 .debug_ranges  0x0000000000000a98      0x1e8 ./ThirdParty/FreeRTOS/tasks.o
 .debug_ranges  0x0000000000000c80       0xd8 ./ThirdParty/FreeRTOS/timers.o
 .debug_ranges  0x0000000000000d58       0x70 ./ThirdParty/FreeRTOS/portable/GCC/ARM_CM4F/port.o
 .debug_ranges  0x0000000000000dc8       0x50 ./ThirdParty/FreeRTOS/portable/MemMang/heap_4.o

.debug_macro    0x0000000000000000    0x22cd4
 .debug_macro   0x0000000000000000      0x39f ./Core/Src/main.o
 .debug_macro   0x000000000000039f      0xa78 ./Core/Src/main.o
 .debug_macro   0x0000000000000e17      0x295 ./Core/Src/main.o
 .debug_macro   0x00000000000010ac       0x2e ./Core/Src/main.o
 .debug_macro   0x00000000000010da       0x2f ./Core/Src/main.o
 .debug_macro   0x0000000000001109       0x22 ./Core/Src/main.o
 .debug_macro   0x000000000000112b       0x8e ./Core/Src/main.o
 .debug_macro   0x00000000000011b9       0x51 ./Core/Src/main.o
 .debug_macro   0x000000000000120a      0x103 ./Core/Src/main.o
 .debug_macro   0x000000000000130d       0x6a ./Core/Src/main.o
 .debug_macro   0x0000000000001377      0x1df ./Core/Src/main.o
 .debug_macro   0x0000000000001556       0x1c ./Core/Src/main.o
 .debug_macro   0x0000000000001572       0x22 ./Core/Src/main.o
 .debug_macro   0x0000000000001594       0xd9 ./Core/Src/main.o
 .debug_macro   0x000000000000166d     0x102d ./Core/Src/main.o
 .debug_macro   0x000000000000269a      0x11f ./Core/Src/main.o
 .debug_macro   0x00000000000027b9    0x15e82 ./Core/Src/main.o
 .debug_macro   0x000000000001863b       0x6d ./Core/Src/main.o
 .debug_macro   0x00000000000186a8     0x367e ./Core/Src/main.o
 .debug_macro   0x000000000001bd26      0x174 ./Core/Src/main.o
 .debug_macro   0x000000000001be9a       0x5c ./Core/Src/main.o
 .debug_macro   0x000000000001bef6      0x96b ./Core/Src/main.o
 .debug_macro   0x000000000001c861      0x9fe ./Core/Src/main.o
 .debug_macro   0x000000000001d25f      0x115 ./Core/Src/main.o
 .debug_macro   0x000000000001d374      0x13e ./Core/Src/main.o
 .debug_macro   0x000000000001d4b2       0xa5 ./Core/Src/main.o
 .debug_macro   0x000000000001d557      0x174 ./Core/Src/main.o
 .debug_macro   0x000000000001d6cb      0x287 ./Core/Src/main.o
 .debug_macro   0x000000000001d952       0x5f ./Core/Src/main.o
 .debug_macro   0x000000000001d9b1      0x236 ./Core/Src/main.o
 .debug_macro   0x000000000001dbe7      0x12c ./Core/Src/main.o
 .debug_macro   0x000000000001dd13      0x21e ./Core/Src/main.o
 .debug_macro   0x000000000001df31       0x2e ./Core/Src/main.o
 .debug_macro   0x000000000001df5f      0x11a ./Core/Src/main.o
 .debug_macro   0x000000000001e079       0x7e ./Core/Src/main.o
 .debug_macro   0x000000000001e0f7       0x89 ./Core/Src/main.o
 .debug_macro   0x000000000001e180      0x8e6 ./Core/Src/main.o
 .debug_macro   0x000000000001ea66       0x47 ./Core/Src/main.o
 .debug_macro   0x000000000001eaad      0x12d ./Core/Src/main.o
 .debug_macro   0x000000000001ebda      0x190 ./Core/Src/main.o
 .debug_macro   0x000000000001ed6a       0x52 ./Core/Src/main.o
 .debug_macro   0x000000000001edbc       0x1e ./Core/Src/main.o
 .debug_macro   0x000000000001edda       0x3c ./Core/Src/main.o
 .debug_macro   0x000000000001ee16       0x34 ./Core/Src/main.o
 .debug_macro   0x000000000001ee4a       0x16 ./Core/Src/main.o
 .debug_macro   0x000000000001ee60       0x35 ./Core/Src/main.o
 .debug_macro   0x000000000001ee95      0x341 ./Core/Src/main.o
 .debug_macro   0x000000000001f1d6       0x10 ./Core/Src/main.o
 .debug_macro   0x000000000001f1e6       0x16 ./Core/Src/main.o
 .debug_macro   0x000000000001f1fc       0x43 ./Core/Src/main.o
 .debug_macro   0x000000000001f23f       0x34 ./Core/Src/main.o
 .debug_macro   0x000000000001f273       0x10 ./Core/Src/main.o
 .debug_macro   0x000000000001f283       0x58 ./Core/Src/main.o
 .debug_macro   0x000000000001f2db       0x71 ./Core/Src/main.o
 .debug_macro   0x000000000001f34c       0x1c ./Core/Src/main.o
 .debug_macro   0x000000000001f368      0x12a ./Core/Src/main.o
 .debug_macro   0x000000000001f492       0x10 ./Core/Src/main.o
 .debug_macro   0x000000000001f4a2       0x1c ./Core/Src/main.o
 .debug_macro   0x000000000001f4be       0x52 ./Core/Src/main.o
 .debug_macro   0x000000000001f510       0x22 ./Core/Src/main.o
 .debug_macro   0x000000000001f532       0x10 ./Core/Src/main.o
 .debug_macro   0x000000000001f542       0x52 ./Core/Src/main.o
 .debug_macro   0x000000000001f594       0xd5 ./Core/Src/main.o
 .debug_macro   0x000000000001f669       0x1c ./Core/Src/main.o
 .debug_macro   0x000000000001f685       0x3d ./Core/Src/main.o
 .debug_macro   0x000000000001f6c2       0x16 ./Core/Src/main.o
 .debug_macro   0x000000000001f6d8      0x145 ./Core/Src/main.o
 .debug_macro   0x000000000001f81d       0xfa ./Core/Src/main.o
 .debug_macro   0x000000000001f917      0x15a ./Core/Src/main.o
 .debug_macro   0x000000000001fa71       0xea ./Core/Src/main.o
 .debug_macro   0x000000000001fb5b       0x28 ./Core/Src/main.o
 .debug_macro   0x000000000001fb83       0x1f ./Core/Src/main.o
 .debug_macro   0x000000000001fba2       0x12 ./Core/Src/main.o
 .debug_macro   0x000000000001fbb4      0x52d ./Core/Src/main.o
 .debug_macro   0x00000000000200e1       0xc3 ./Core/Src/main.o
 .debug_macro   0x00000000000201a4      0x120 ./Core/Src/main.o
 .debug_macro   0x00000000000202c4      0x1d3 ./Core/Src/stm32f4xx_hal_msp.o
 .debug_macro   0x0000000000020497      0x1c4 ./Core/Src/stm32f4xx_hal_timebase_tim.o
 .debug_macro   0x000000000002065b      0x1dd ./Core/Src/stm32f4xx_it.o
 .debug_macro   0x0000000000020838      0x25e ./Core/Src/syscalls.o
 .debug_macro   0x0000000000020a96       0x4c ./Core/Src/syscalls.o
 .debug_macro   0x0000000000020ae2       0x94 ./Core/Src/syscalls.o
 .debug_macro   0x0000000000020b76       0x57 ./Core/Src/syscalls.o
 .debug_macro   0x0000000000020bcd       0x10 ./Core/Src/syscalls.o
 .debug_macro   0x0000000000020bdd       0x10 ./Core/Src/syscalls.o
 .debug_macro   0x0000000000020bed       0x10 ./Core/Src/syscalls.o
 .debug_macro   0x0000000000020bfd       0x35 ./Core/Src/syscalls.o
 .debug_macro   0x0000000000020c32      0x12c ./Core/Src/syscalls.o
 .debug_macro   0x0000000000020d5e       0x16 ./Core/Src/syscalls.o
 .debug_macro   0x0000000000020d74       0x16 ./Core/Src/syscalls.o
 .debug_macro   0x0000000000020d8a       0x29 ./Core/Src/syscalls.o
 .debug_macro   0x0000000000020db3       0x10 ./Core/Src/syscalls.o
 .debug_macro   0x0000000000020dc3      0x241 ./Core/Src/syscalls.o
 .debug_macro   0x0000000000021004       0x1c ./Core/Src/syscalls.o
 .debug_macro   0x0000000000021020       0x10 ./Core/Src/syscalls.o
 .debug_macro   0x0000000000021030      0x189 ./Core/Src/syscalls.o
 .debug_macro   0x00000000000211b9       0x16 ./Core/Src/syscalls.o
 .debug_macro   0x00000000000211cf       0xce ./Core/Src/syscalls.o
 .debug_macro   0x000000000002129d      0x1c4 ./Core/Src/system_stm32f4xx.o
 .debug_macro   0x0000000000021461      0x224 ./Drivers/STM32F4xx_HAL_Driver/Src/stm32f4xx_hal.o
 .debug_macro   0x0000000000021685      0x1c4 ./Drivers/STM32F4xx_HAL_Driver/Src/stm32f4xx_hal_cortex.o
 .debug_macro   0x0000000000021849      0x1ca ./Drivers/STM32F4xx_HAL_Driver/Src/stm32f4xx_hal_gpio.o
 .debug_macro   0x0000000000021a13      0x1e8 ./Drivers/STM32F4xx_HAL_Driver/Src/stm32f4xx_hal_rcc.o
 .debug_macro   0x0000000000021bfb      0x1c5 ./Drivers/STM32F4xx_HAL_Driver/Src/stm32f4xx_hal_tim.o
 .debug_macro   0x0000000000021dc0      0x1c4 ./Drivers/STM32F4xx_HAL_Driver/Src/stm32f4xx_hal_tim_ex.o
 .debug_macro   0x0000000000021f84      0x198 ./ThirdParty/FreeRTOS/list.o
 .debug_macro   0x000000000002211c      0x22f ./ThirdParty/FreeRTOS/queue.o
 .debug_macro   0x000000000002234b       0x16 ./ThirdParty/FreeRTOS/queue.o
 .debug_macro   0x0000000000022361       0x20 ./ThirdParty/FreeRTOS/queue.o
 .debug_macro   0x0000000000022381       0x80 ./ThirdParty/FreeRTOS/queue.o
 .debug_macro   0x0000000000022401      0x27e ./ThirdParty/FreeRTOS/tasks.o
 .debug_macro   0x000000000002267f       0x17 ./ThirdParty/FreeRTOS/tasks.o
 .debug_macro   0x0000000000022696      0x1e7 ./ThirdParty/FreeRTOS/timers.o
 .debug_macro   0x000000000002287d       0x97 ./ThirdParty/FreeRTOS/timers.o
 .debug_macro   0x0000000000022914      0x1a7 ./ThirdParty/FreeRTOS/portable/GCC/ARM_CM4F/port.o
 .debug_macro   0x0000000000022abb      0x219 ./ThirdParty/FreeRTOS/portable/MemMang/heap_4.o

.debug_line     0x0000000000000000    0x107ca
 .debug_line    0x0000000000000000      0xbe2 ./Core/Src/main.o
 .debug_line    0x0000000000000be2      0x6ab ./Core/Src/stm32f4xx_hal_msp.o